Component: Arm Compiler for Embedded 6.21 Tool: armlink [5ec1fa00]

==============================================================================

Section Cross References

    startup_stm32f407xx.o(STACK) refers (Special) to heapauxi.o(.text) for __use_two_region_memory
    startup_stm32f407xx.o(HEAP) refers (Special) to heapauxi.o(.text) for __use_two_region_memory
    startup_stm32f407xx.o(RESET) refers (Special) to heapauxi.o(.text) for __use_two_region_memory
    startup_stm32f407xx.o(RESET) refers to startup_stm32f407xx.o(STACK) for __initial_sp
    startup_stm32f407xx.o(RESET) refers to startup_stm32f407xx.o(.text) for Reset_Handler
    startup_stm32f407xx.o(RESET) refers to stm32f4xx_it.o(.text.NMI_Handler) for NMI_Handler
    startup_stm32f407xx.o(RESET) refers to stm32f4xx_it.o(.text.HardFault_Handler) for HardFault_Handler
    startup_stm32f407xx.o(RESET) refers to stm32f4xx_it.o(.text.MemManage_Handler) for MemManage_Handler
    startup_stm32f407xx.o(RESET) refers to stm32f4xx_it.o(.text.BusFault_Handler) for BusFault_Handler
    startup_stm32f407xx.o(RESET) refers to stm32f4xx_it.o(.text.UsageFault_Handler) for UsageFault_Handler
    startup_stm32f407xx.o(RESET) refers to stm32f4xx_it.o(.text.SVC_Handler) for SVC_Handler
    startup_stm32f407xx.o(RESET) refers to stm32f4xx_it.o(.text.DebugMon_Handler) for DebugMon_Handler
    startup_stm32f407xx.o(RESET) refers to stm32f4xx_it.o(.text.PendSV_Handler) for PendSV_Handler
    startup_stm32f407xx.o(RESET) refers to stm32f4xx_it.o(.text.SysTick_Handler) for SysTick_Handler
    startup_stm32f407xx.o(.text) refers (Special) to heapauxi.o(.text) for __use_two_region_memory
    startup_stm32f407xx.o(.text) refers to system_stm32f4xx.o(.text.SystemInit) for SystemInit
    startup_stm32f407xx.o(.text) refers to __main.o(!!!main) for __main
    startup_stm32f407xx.o(.text) refers to startup_stm32f407xx.o(HEAP) for Heap_Mem
    startup_stm32f407xx.o(.text) refers to startup_stm32f407xx.o(STACK) for Stack_Mem
    main.o(.text.jump_To_Application) refers to stm32f4xx_hal_gpio.o(.text.HAL_GPIO_DeInit) for HAL_GPIO_DeInit
    main.o(.text.jump_To_Application) refers to crc.o(.bss.hcrc) for hcrc
    main.o(.text.jump_To_Application) refers to stm32f4xx_hal_crc.o(.text.HAL_CRC_DeInit) for HAL_CRC_DeInit
    main.o(.text.jump_To_Application) refers to usart.o(.bss.huart2) for huart2
    main.o(.text.jump_To_Application) refers to stm32f4xx_hal_uart.o(.text.HAL_UART_DeInit) for HAL_UART_DeInit
    main.o(.text.jump_To_Application) refers to usart.o(.bss.huart3) for huart3
    main.o(.text.jump_To_Application) refers to stm32f4xx_hal_rcc_ex.o(.text.HAL_RCC_DeInit) for HAL_RCC_DeInit
    main.o(.ARM.exidx.text.jump_To_Application) refers to main.o(.text.jump_To_Application) for [Anonymous Symbol]
    main.o(.text.main) refers to stm32f4xx_hal.o(.text.HAL_Init) for HAL_Init
    main.o(.text.main) refers to main.o(.text.SystemClock_Config) for SystemClock_Config
    main.o(.text.main) refers to gpio.o(.text.MX_GPIO_Init) for MX_GPIO_Init
    main.o(.text.main) refers to crc.o(.text.MX_CRC_Init) for MX_CRC_Init
    main.o(.text.main) refers to usart.o(.text.MX_USART2_UART_Init) for MX_USART2_UART_Init
    main.o(.text.main) refers to usart.o(.text.MX_USART3_UART_Init) for MX_USART3_UART_Init
    main.o(.text.main) refers to main.o(.rodata.str1.1) for .L.str
    main.o(.text.main) refers to bootloader.o(.text.bootloader_Debug_Display) for bootloader_Debug_Display
    main.o(.text.main) refers to led.o(.text.LED_Turn_On) for LED_Turn_On
    main.o(.text.main) refers to bootloader.o(.text.bootloader_Receive_From_Host) for bootloader_Receive_From_Host
    main.o(.text.main) refers to led.o(.text.LED_Turn_Off) for LED_Turn_Off
    main.o(.text.main) refers to stm32f4xx_hal.o(.text.HAL_Delay) for HAL_Delay
    main.o(.ARM.exidx.text.main) refers to main.o(.text.main) for [Anonymous Symbol]
    main.o(.text.SystemClock_Config) refers to rt_memclr_w.o(.text) for __aeabi_memclr4
    main.o(.text.SystemClock_Config) refers to stm32f4xx_hal_rcc.o(.text.HAL_RCC_OscConfig) for HAL_RCC_OscConfig
    main.o(.text.SystemClock_Config) refers to main.o(.text.Error_Handler) for Error_Handler
    main.o(.text.SystemClock_Config) refers to stm32f4xx_hal_rcc.o(.text.HAL_RCC_ClockConfig) for HAL_RCC_ClockConfig
    main.o(.ARM.exidx.text.SystemClock_Config) refers to main.o(.text.SystemClock_Config) for [Anonymous Symbol]
    main.o(.ARM.exidx.text.Error_Handler) refers to main.o(.text.Error_Handler) for [Anonymous Symbol]
    gpio.o(.text.MX_GPIO_Init) refers to stm32f4xx_hal_gpio.o(.text.HAL_GPIO_WritePin) for HAL_GPIO_WritePin
    gpio.o(.text.MX_GPIO_Init) refers to stm32f4xx_hal_gpio.o(.text.HAL_GPIO_Init) for HAL_GPIO_Init
    gpio.o(.ARM.exidx.text.MX_GPIO_Init) refers to gpio.o(.text.MX_GPIO_Init) for [Anonymous Symbol]
    crc.o(.text.MX_CRC_Init) refers to crc.o(.bss.hcrc) for hcrc
    crc.o(.text.MX_CRC_Init) refers to stm32f4xx_hal_crc.o(.text.HAL_CRC_Init) for HAL_CRC_Init
[...]
    [Anonymous Symbol]                       0x08001be8   Section        0  bootloader.o(.text.BootLoader_Send_NACK)
    BootLoader_Send_To_Host                  0x08001c25   Thumb Code    58  bootloader.o(.text.BootLoader_Send_To_Host)
    [Anonymous Symbol]                       0x08001c24   Section        0  bootloader.o(.text.BootLoader_Send_To_Host)
    [Anonymous Symbol]                       0x08001c60   Section        0  stm32f4xx_it.o(.text.BusFault_Handler)
    [Anonymous Symbol]                       0x08001c64   Section        0  stm32f4xx_it.o(.text.DebugMon_Handler)
    [Anonymous Symbol]                       0x08001c68   Section        0  main.o(.text.Error_Handler)
    [Anonymous Symbol]                       0x08001c70   Section        0  stm32f4xx_hal_crc.o(.text.HAL_CRC_Accumulate)
    [Anonymous Symbol]                       0x08001cbc   Section        0  stm32f4xx_hal_crc.o(.text.HAL_CRC_DeInit)
    [Anonymous Symbol]                       0x08001d24   Section        0  stm32f4xx_hal_crc.o(.text.HAL_CRC_Init)
    [Anonymous Symbol]                       0x08001d64   Section        0  crc.o(.text.HAL_CRC_MspDeInit)
    [Anonymous Symbol]                       0x08001d90   Section        0  crc.o(.text.HAL_CRC_MspInit)
    [Anonymous Symbol]                       0x08001dd0   Section        0  stm32f4xx_hal.o(.text.HAL_Delay)
    [Anonymous Symbol]                       0x08001e14   Section        0  stm32f4xx_hal_gpio.o(.text.HAL_GPIO_DeInit)
    [Anonymous Symbol]                       0x08002038   Section        0  stm32f4xx_hal_gpio.o(.text.HAL_GPIO_Init)
    [Anonymous Symbol]                       0x080023f0   Section        0  stm32f4xx_hal_gpio.o(.text.HAL_GPIO_WritePin)
    [Anonymous Symbol]                       0x08002420   Section        0  stm32f4xx_hal.o(.text.HAL_GetTick)
    [Anonymous Symbol]                       0x0800242c   Section        0  stm32f4xx_hal.o(.text.HAL_IncTick)
    [Anonymous Symbol]                       0x08002448   Section        0  stm32f4xx_hal.o(.text.HAL_Init)
    [Anonymous Symbol]                       0x08002480   Section        0  stm32f4xx_hal.o(.text.HAL_InitTick)
    [Anonymous Symbol]                       0x080024f0   Section        0  stm32f4xx_hal_msp.o(.text.HAL_MspInit)
    [Anonymous Symbol]                       0x0800253c   Section        0  stm32f4xx_hal_cortex.o(.text.HAL_NVIC_SetPriority)
    [Anonymous Symbol]                       0x08002570   Section        0  stm32f4xx_hal_cortex.o(.text.HAL_NVIC_SetPriorityGrouping)
    [Anonymous Symbol]                       0x08002580   Section        0  stm32f4xx_hal_rcc.o(.text.HAL_RCC_ClockConfig)
    [Anonymous Symbol]                       0x080027e4   Section        0  stm32f4xx_hal_rcc_ex.o(.text.HAL_RCC_DeInit)
    [Anonymous Symbol]                       0x080029e4   Section        0  stm32f4xx_hal_rcc.o(.text.HAL_RCC_GetHCLKFreq)
    [Anonymous Symbol]                       0x080029f0   Section        0  stm32f4xx_hal_rcc.o(.text.HAL_RCC_GetPCLK1Freq)
    [Anonymous Symbol]                       0x08002a14   Section        0  stm32f4xx_hal_rcc.o(.text.HAL_RCC_GetPCLK2Freq)
    [Anonymous Symbol]                       0x08002a38   Section        0  stm32f4xx_hal_rcc.o(.text.HAL_RCC_GetSysClockFreq)
    [Anonymous Symbol]                       0x08002b20   Section        0  stm32f4xx_hal_rcc.o(.text.HAL_RCC_OscConfig)
    [Anonymous Symbol]                       0x080031e0   Section        0  stm32f4xx_hal_cortex.o(.text.HAL_SYSTICK_Config)
    [Anonymous Symbol]                       0x080031f0   Section        0  stm32f4xx_hal_uart.o(.text.HAL_UART_DeInit)
    [Anonymous Symbol]                       0x08003254   Section        0  stm32f4xx_hal_uart.o(.text.HAL_UART_Init)
    [Anonymous Symbol]                       0x080032f4   Section        0  usart.o(.text.HAL_UART_MspDeInit)
    [Anonymous Symbol]                       0x08003364   Section        0  usart.o(.text.HAL_UART_MspInit)
    [Anonymous Symbol]                       0x0800346c   Section        0  stm32f4xx_hal_uart.o(.text.HAL_UART_Receive)
    [Anonymous Symbol]                       0x080035ac   Section        0  stm32f4xx_hal_uart.o(.text.HAL_UART_Transmit)
    [Anonymous Symbol]                       0x080036dc   Section        0  stm32f4xx_it.o(.text.HardFault_Handler)
    [Anonymous Symbol]                       0x080036e0   Section        0  led.o(.text.LED_Turn_Off)
    [Anonymous Symbol]                       0x08003700   Section        0  led.o(.text.LED_Turn_On)
    [Anonymous Symbol]                       0x08003720   Section        0  crc.o(.text.MX_CRC_Init)
    [Anonymous Symbol]                       0x08003744   Section        0  gpio.o(.text.MX_GPIO_Init)
    [Anonymous Symbol]                       0x08003810   Section        0  usart.o(.text.MX_USART2_UART_Init)
    [Anonymous Symbol]                       0x08003850   Section        0  usart.o(.text.MX_USART3_UART_Init)
    [Anonymous Symbol]                       0x08003890   Section        0  stm32f4xx_it.o(.text.MemManage_Handler)
    [Anonymous Symbol]                       0x08003894   Section        0  stm32f4xx_it.o(.text.NMI_Handler)
    NVIC_EncodePriority                      0x08003899   Thumb Code   108  stm32f4xx_hal_cortex.o(.text.NVIC_EncodePriority)
    [Anonymous Symbol]                       0x08003898   Section        0  stm32f4xx_hal_cortex.o(.text.NVIC_EncodePriority)
    [Anonymous Symbol]                       0x08003904   Section        0  stm32f4xx_it.o(.text.PendSV_Handler)
    [Anonymous Symbol]                       0x08003908   Section        0  stm32f4xx_it.o(.text.SVC_Handler)
    SysTick_Config                           0x0800390d   Thumb Code    82  stm32f4xx_hal_cortex.o(.text.SysTick_Config)
    [Anonymous Symbol]                       0x0800390c   Section        0  stm32f4xx_hal_cortex.o(.text.SysTick_Config)
    [Anonymous Symbol]                       0x08003960   Section        0  stm32f4xx_it.o(.text.SysTick_Handler)
    [Anonymous Symbol]                       0x08003968   Section        0  main.o(.text.SystemClock_Config)
    [Anonymous Symbol]                       0x08003a24   Section        0  system_stm32f4xx.o(.text.SystemInit)
    UART_EndRxTransfer                       0x08003a39   Thumb Code   148  stm32f4xx_hal_uart.o(.text.UART_EndRxTransfer)
    [Anonymous Symbol]                       0x08003a38   Section        0  stm32f4xx_hal_uart.o(.text.UART_EndRxTransfer)
    UART_SetConfig                           0x08003acd   Thumb Code   314  stm32f4xx_hal_uart.o(.text.UART_SetConfig)
    [Anonymous Symbol]                       0x08003acc   Section        0  stm32f4xx_hal_uart.o(.text.UART_SetConfig)
    UART_WaitOnFlagUntilTimeout              0x08003c09   Thumb Code   218  stm32f4xx_hal_uart.o(.text.UART_WaitOnFlagUntilTimeout)
    [Anonymous Symbol]                       0x08003c08   Section        0  stm32f4xx_hal_uart.o(.text.UART_WaitOnFlagUntilTimeout)
    [Anonymous Symbol]                       0x08003ce4   Section        0  stm32f4xx_it.o(.text.UsageFault_Handler)
    __NVIC_GetPriorityGrouping               0x08003ce9   Thumb Code    16  stm32f4xx_hal_cortex.o(.text.__NVIC_GetPriorityGrouping)
    [Anonymous Symbol]                       0x08003ce8   Section        0  stm32f4xx_hal_cortex.o(.text.__NVIC_GetPriorityGrouping)
    __NVIC_SetPriority                       0x08003cf9   Thumb Code    66  stm32f4xx_hal_cortex.o(.text.__NVIC_SetPriority)
    [Anonymous Symbol]                       0x08003cf8   Section        0  stm32f4xx_hal_cortex.o(.text.__NVIC_SetPriority)
    __NVIC_SetPriorityGrouping               0x08003d3d   Thumb Code    60  stm32f4xx_hal_cortex.o(.text.__NVIC_SetPriorityGrouping)
    [Anonymous Symbol]                       0x08003d3c   Section        0  stm32f4xx_hal_cortex.o(.text.__NVIC_SetPriorityGrouping)
    [Anonymous Symbol]                       0x08003d78   Section        0  bootloader.o(.text.bootloader_Debug_Display)
    [Anonymous Symbol]                       0x08003de4   Section        0  bootloader.o(.text.bootloader_Receive_From_Host)
    jump_To_Address                          0x08003f55   Thumb Code    18  bootloader.o(.text.jump_To_Address)
    [Anonymous Symbol]                       0x08003f54   Section        0  bootloader.o(.text.jump_To_Address)
    [Anonymous Symbol]                       0x08003f68   Section        0  main.o(.text.jump_To_Application)
    [Anonymous Symbol]                       0x08003fd4   Section        0  main.o(.text.main)
    verify_Address                           0x08004041   Thumb Code   168  bootloader.o(.text.verify_Address)
    [Anonymous Symbol]                       0x08004040   Section        0  bootloader.o(.text.verify_Address)
    verify_CRC                               0x080040e9   Thumb Code   158  bootloader.o(.text.verify_CRC)
    [Anonymous Symbol]                       0x080040e8   Section        0  bootloader.o(.text.verify_CRC)
    CL$$btod_d2e                             0x08004186   Section       62  btod.o(CL$$btod_d2e)
    CL$$btod_d2e_denorm_low                  0x080041c4   Section       70  btod.o(CL$$btod_d2e_denorm_low)
    CL$$btod_d2e_norm_op1                    0x0800420a   Section       96  btod.o(CL$$btod_d2e_norm_op1)
    CL$$btod_div_common                      0x0800426c   Section      824  btod.o(CL$$btod_div_common)
    CL$$btod_e2e                             0x080045a4   Section      220  btod.o(CL$$btod_e2e)
    CL$$btod_ediv                            0x08004680   Section       42  btod.o(CL$$btod_ediv)
    CL$$btod_emul                            0x080046aa   Section       42  btod.o(CL$$btod_emul)
    CL$$btod_mult_common                     0x080046d4   Section      580  btod.o(CL$$btod_mult_common)
    i.__ARM_fpclassify                       0x08004918   Section        0  fpclassify.o(i.__ARM_fpclassify)
    i._is_digit                              0x08004948   Section        0  __printf_wp.o(i._is_digit)
    locale$$code                             0x08004958   Section       44  lc_numeric_c.o(locale$$code)
    locale$$code                             0x08004984   Section       44  lc_ctype_c.o(locale$$code)
    $v0                                      0x080049b0   Number         0  fpinit.o(x$fpl$fpinit)
    x$fpl$fpinit                             0x080049b0   Section       26  fpinit.o(x$fpl$fpinit)
    $v0                                      0x080049ca   Number         0  printf1.o(x$fpl$printf1)
    x$fpl$printf1                            0x080049ca   Section        4  printf1.o(x$fpl$printf1)
    $v0                                      0x080049ce   Number         0  printf2.o(x$fpl$printf2)
    x$fpl$printf2                            0x080049ce   Section        4  printf2.o(x$fpl$printf2)
    x$fpl$usenofp                            0x080049d2   Section        0  usenofp.o(x$fpl$usenofp)
    initial_mbstate                          0x080049d4   Data           8  _printf_wctomb.o(.constdata)
    .constdata                               0x080049d4   Section        8  _printf_wctomb.o(.constdata)
    uc_hextab                                0x080049dc   Data          20  _printf_hex_int_ll_ptr.o(.constdata)
    .constdata                               0x080049dc   Section       40  _printf_hex_int_ll_ptr.o(.constdata)
    lc_hextab                                0x080049f0   Data          20  _printf_hex_int_ll_ptr.o(.constdata)
    maptable                                 0x08004a04   Data          17  __printf_flags_ss_wp.o(.constdata)
    .constdata                               0x08004a04   Section       17  __printf_flags_ss_wp.o(.constdata)
    lc_hextab                                0x08004a15   Data          19  _printf_fp_hex.o(.constdata)
    .constdata                               0x08004a15   Section       38  _printf_fp_hex.o(.constdata)
    uc_hextab                                0x08004a28   Data          19  _printf_fp_hex.o(.constdata)
    tenpwrs_x                                0x08004a3c   Data          60  bigflt0.o(.constdata)
    .constdata                               0x08004a3c   Section      148  bigflt0.o(.constdata)
    tenpwrs_i                                0x08004a78   Data          64  bigflt0.o(.constdata)
    .L.str                                   0x08004ae8   Data          32  main.o(.rodata.str1.1)
    [Anonymous Symbol]                       0x08004ae8   Section        0  main.o(.rodata.str1.1)
    .L.str.2                                 0x08004b08   Data          23  bootloader.o(.rodata.str1.1)
    [Anonymous Symbol]                       0x08004b08   Section        0  bootloader.o(.rodata.str1.1)
    .L.str.1                                 0x08004b1f   Data          23  bootloader.o(.rodata.str1.1)
    .L.str.3                                 0x08004b36   Data          28  bootloader.o(.rodata.str1.1)
    .L.str                                   0x08004b52   Data          32  bootloader.o(.rodata.str1.1)
    .L.str.4                                 0x08004b72   Data          44  bootloader.o(.rodata.str1.1)
    locale$$data                             0x08004bc0   Section       28  lc_numeric_c.o(locale$$data)
    __lcnum_c_name                           0x08004bc4   Data           2  lc_numeric_c.o(locale$$data)
    __lcnum_c_start                          0x08004bcc   Data           0  lc_numeric_c.o(locale$$data)
    __lcnum_c_point                          0x08004bd8   Data           0  lc_numeric_c.o(locale$$data)
    __lcnum_c_thousands                      0x08004bda   Data           0  lc_numeric_c.o(locale$$data)
    __lcnum_c_grouping                       0x08004bdb   Data           0  lc_numeric_c.o(locale$$data)
    __lcnum_c_end                            0x08004bdc   Data           0  lc_numeric_c.o(locale$$data)
    locale$$data                             0x08004bdc   Section      272  lc_ctype_c.o(locale$$data)
    __lcctype_c_name                         0x08004be0   Data           2  lc_ctype_c.o(locale$$data)
    __lcctype_c_start                        0x08004be8   Data           0  lc_ctype_c.o(locale$$data)
    __lcctype_c_end                          0x08004cec   Data           0  lc_ctype_c.o(locale$$data)
    .bss                                     0x20000010   Section       96  libspace.o(.bss)
    uartHostBuffer                           0x20000108   Data         100  bootloader.o(.bss.uartHostBuffer)
    [Anonymous Symbol]                       0x20000108   Section        0  bootloader.o(.bss.uartHostBuffer)
    Heap_Mem                                 0x20000170   Data         512  startup_stm32f407xx.o(HEAP)
    HEAP                                     0x20000170   Section      512  startup_stm32f407xx.o(HEAP)
    Stack_Mem                                0x20000370   Data        1024  startup_stm32f407xx.o(STACK)
    STACK                                    0x20000370   Section     1024  startup_stm32f407xx.o(STACK)
    __initial_sp                             0x20000770   Data           0  startup_stm32f407xx.o(STACK)

    Global Symbols

    Symbol Name                              Value     Ov Type        Size  Object(Section)

    BuildAttributes$$THM_ISAv4$E$P$D$K$B$S$7EM$VFPi3$EXTD16$VFPS$VFMA$PE$A:L22UL41UL21$X:L11$S22US41US21$IEEE1$IW$~IW$USESV6$~STKCKD$USESV7$~SHL$OTIME$ROPI$IEEEJ$EBA8$UX$STANDARDLIB$REQ8$PRES8$EABIv2 0x00000000   Number         0  anon$$obj.o ABSOLUTE
    _printf_flags                            0x00000000   Number         0  printf_stubs.o ABSOLUTE
    _printf_return_value                     0x00000000   Number         0  printf_stubs.o ABSOLUTE
    _printf_sizespec                         0x00000000   Number         0  printf_stubs.o ABSOLUTE
    _printf_widthprec                        0x00000000   Number         0  printf_stubs.o ABSOLUTE
    __ARM_exceptions_init                     - Undefined Weak Reference
    __alloca_initialize                       - Undefined Weak Reference
    __arm_preinit_                            - Undefined Weak Reference
    __arm_relocate_pie_                       - Undefined Weak Reference
    __cpp_initialize__aeabi_                  - Undefined Weak Reference
    __cxa_finalize                            - Undefined Weak Reference
    __sigvec_lookup                           - Undefined Weak Reference
    __user_heap_extent                        - Undefined Weak Reference
    _atexit_init                              - Undefined Weak Reference
    _call_atexit_fns                          - Undefined Weak Reference
    _clock_init                               - Undefined Weak Reference
    _fp_trap_init                             - Undefined Weak Reference
    _fp_trap_shutdown                         - Undefined Weak Reference
    _get_lc_collate                           - Undefined Weak Reference
    _get_lc_monetary                          - Undefined Weak Reference
    _get_lc_time                              - Undefined Weak Reference
    _getenv_init                              - Undefined Weak Reference
    _handle_redirection                       - Undefined Weak Reference
    _initio                                   - Undefined Weak Reference
    _mutex_acquire                            - Undefined Weak Reference
    _mutex_free                               - Undefined Weak Reference
    _mutex_release                            - Undefined Weak Reference
    _printf_mbtowc                            - Undefined Weak Reference
    _printf_wc                                - Undefined Weak Reference
    _rand_init                                - Undefined Weak Reference
    _signal_finish                            - Undefined Weak Reference
    _signal_init                              - Undefined Weak Reference
    _terminateio                              - Undefined Weak Reference
    __Vectors_Size                           0x00000188   Number         0  startup_stm32f407xx.o ABSOLUTE
    __Vectors                                0x08000000   Data           4  startup_stm32f407xx.o(RESET)
    __Vectors_End                            0x08000188   Data           0  startup_stm32f407xx.o(RESET)
    __main                                   0x08000189   Thumb Code     8  __main.o(!!!main)
    __scatterload                            0x08000191   Thumb Code     0  __scatter.o(!!!scatter)
    __scatterload_rt2                        0x08000191   Thumb Code    84  __scatter.o(!!!scatter)
    __scatterload_rt2_thumb_only             0x08000191   Thumb Code     0  __scatter.o(!!!scatter)
    __scatterload_loop                       0x0800019b   Thumb Code     0  __scatter.o(!!!scatter)
    __scatterload_copy                       0x080001ed   Thumb Code    26  __scatter_copy.o(!!handler_copy)
    __scatterload_null                       0x08000209   Thumb Code     2  __scatter.o(!!handler_null)
    __scatterload_zeroinit                   0x0800020d   Thumb Code    28  __scatter_zi.o(!!handler_zi)
    _printf_n                                0x08000229   Thumb Code     0  _printf_n.o(.ARM.Collect$$_printf_percent$$00000001)
    _printf_percent                          0x08000229   Thumb Code     0  _printf_percent.o(.ARM.Collect$$_printf_percent$$00000000)
    _printf_p                                0x0800022f   Thumb Code     0  _printf_p.o(.ARM.Collect$$_printf_percent$$00000002)
    _printf_f                                0x08000235   Thumb Code     0  _printf_f.o(.ARM.Collect$$_printf_percent$$00000003)
    _printf_e                                0x0800023b   Thumb Code     0  _printf_e.o(.ARM.Collect$$_printf_percent$$00000004)
    _printf_g                                0x08000241   Thumb Code     0  _printf_g.o(.ARM.Collect$$_printf_percent$$00000005)
    _printf_a                                0x08000247   Thumb Code     0  _printf_a.o(.ARM.Collect$$_printf_percent$$00000006)
    _printf_ll                               0x0800024d   Thumb Code     0  _printf_ll.o(.ARM.Collect$$_printf_percent$$00000007)
    _printf_i                                0x08000257   Thumb Code     0  _printf_i.o(.ARM.Collect$$_printf_percent$$00000008)
    _printf_d                                0x0800025d   Thumb Code     0  _printf_d.o(.ARM.Collect$$_printf_percent$$00000009)
    _printf_u                                0x08000263   Thumb Code     0  _printf_u.o(.ARM.Collect$$_printf_percent$$0000000A)
    _printf_o                                0x08000269   Thumb Code     0  _printf_o.o(.ARM.Collect$$_printf_percent$$0000000B)
    _printf_x                                0x0800026f   Thumb Code     0  _printf_x.o(.ARM.Collect$$_printf_percent$$0000000C)
    _printf_lli                              0x08000275   Thumb Code     0  _printf_lli.o(.ARM.Collect$$_printf_percent$$0000000D)
    _printf_lld                              0x0800027b   Thumb Code     0  _printf_lld.o(.ARM.Collect$$_printf_percent$$0000000E)
    _printf_llu                              0x08000281   Thumb Code     0  _printf_llu.o(.ARM.Collect$$_printf_percent$$0000000F)
    _printf_llo                              0x08000287   Thumb Code     0  _printf_llo.o(.ARM.Collect$$_printf_percent$$00000010)
    _printf_llx                              0x0800028d   Thumb Code     0  _printf_llx.o(.ARM.Collect$$_printf_percent$$00000011)
    _printf_l                                0x08000293   Thumb Code     0  _printf_l.o(.ARM.Collect$$_printf_percent$$00000012)
    _printf_c                                0x0800029d   Thumb Code     0  _printf_c.o(.ARM.Collect$$_printf_percent$$00000013)
    _printf_s                                0x080002a3   Thumb Code     0  _printf_s.o(.ARM.Collect$$_printf_percent$$00000014)
    _printf_lc                               0x080002a9   Thumb Code     0  _printf_lc.o(.ARM.Collect$$_printf_percent$$00000015)
    _printf_ls                               0x080002af   Thumb Code     0  _printf_ls.o(.ARM.Collect$$_printf_percent$$00000016)
    _printf_percent_end                      0x080002b5   Thumb Code     0  _printf_percent_end.o(.ARM.Collect$$_printf_percent$$00000017)
    __rt_lib_init                            0x080002b9   Thumb Code     0  libinit.o(.ARM.Collect$$libinit$$00000000)
    __rt_lib_init_fp_1                       0x080002bb   Thumb Code     0  libinit2.o(.ARM.Collect$$libinit$$00000001)
    __rt_lib_init_heap_2                     0x080002bf   Thumb Code     0  libinit2.o(.ARM.Collect$$libinit$$00000007)
    __rt_lib_init_preinit_1                  0x080002bf   Thumb Code     0  libinit2.o(.ARM.Collect$$libinit$$00000006)
    __rt_lib_init_relocate_pie_1             0x080002bf   Thumb Code     0  libinit2.o(.ARM.Collect$$libinit$$00000004)
    __rt_lib_init_heap_1                     0x080002c7   Thumb Code     0  libinit2.o(.ARM.Collect$$libinit$$0000000C)
    __rt_lib_init_lc_common                  0x080002c7   Thumb Code     0  libinit2.o(.ARM.Collect$$libinit$$00000011)
    __rt_lib_init_rand_1                     0x080002c7   Thumb Code     0  libinit2.o(.ARM.Collect$$libinit$$00000010)
    __rt_lib_init_user_alloc_1               0x080002c7   Thumb Code     0  libinit2.o(.ARM.Collect$$libinit$$0000000E)
    __rt_lib_init_lc_collate_1               0x080002cd   Thumb Code     0  libinit2.o(.ARM.Collect$$libinit$$00000013)
    __rt_lib_init_lc_ctype_2                 0x080002cd   Thumb Code     0  libinit2.o(.ARM.Collect$$libinit$$00000014)
    __rt_lib_init_lc_ctype_1                 0x080002d9   Thumb Code     0  libinit2.o(.ARM.Collect$$libinit$$00000015)
    __rt_lib_init_lc_monetary_1              0x080002d9   Thumb Code     0  libinit2.o(.ARM.Collect$$libinit$$00000017)
    __rt_lib_init_lc_numeric_2               0x080002d9   Thumb Code     0  libinit2.o(.ARM.Collect$$libinit$$00000018)
    __rt_lib_init_alloca_1                   0x080002e3   Thumb Code     0  libinit2.o(.ARM.Collect$$libinit$$00000030)
    __rt_lib_init_argv_1                     0x080002e3   Thumb Code     0  libinit2.o(.ARM.Collect$$libinit$$0000002E)
    __rt_lib_init_atexit_1                   0x080002e3   Thumb Code     0  libinit2.o(.ARM.Collect$$libinit$$0000001D)
    __rt_lib_init_clock_1                    0x080002e3   Thumb Code     0  libinit2.o(.ARM.Collect$$libinit$$00000023)
    __rt_lib_init_cpp_1                      0x080002e3   Thumb Code     0  libinit2.o(.ARM.Collect$$libinit$$00000034)
    __rt_lib_init_exceptions_1               0x080002e3   Thumb Code     0  libinit2.o(.ARM.Collect$$libinit$$00000032)
    __rt_lib_init_fp_trap_1                  0x080002e3   Thumb Code     0  libinit2.o(.ARM.Collect$$libinit$$00000021)
    __rt_lib_init_getenv_1                   0x080002e3   Thumb Code     0  libinit2.o(.ARM.Collect$$libinit$$00000025)
    __rt_lib_init_lc_numeric_1               0x080002e3   Thumb Code     0  libinit2.o(.ARM.Collect$$libinit$$00000019)
    __rt_lib_init_lc_time_1                  0x080002e3   Thumb Code     0  libinit2.o(.ARM.Collect$$libinit$$0000001B)
    __rt_lib_init_return                     0x080002e3   Thumb Code     0  libinit2.o(.ARM.Collect$$libinit$$00000035)
    __rt_lib_init_signal_1                   0x080002e3   Thumb Code     0  libinit2.o(.ARM.Collect$$libinit$$0000001F)
    __rt_lib_init_stdio_1                    0x080002e3   Thumb Code     0  libinit2.o(.ARM.Collect$$libinit$$00000027)
    __rt_lib_shutdown                        0x080002e5   Thumb Code     0  libshutdown.o(.ARM.Collect$$libshutdown$$00000000)
    __rt_lib_shutdown_cpp_1                  0x080002e7   Thumb Code     0  libshutdown2.o(.ARM.Collect$$libshutdown$$00000002)
    __rt_lib_shutdown_fp_trap_1              0x080002e7   Thumb Code     0  libshutdown2.o(.ARM.Collect$$libshutdown$$00000007)
    __rt_lib_shutdown_heap_1                 0x080002e7   Thumb Code     0  libshutdown2.o(.ARM.Collect$$libshutdown$$0000000F)
    __rt_lib_shutdown_return                 0x080002e7   Thumb Code     0  libshutdown2.o(.ARM.Collect$$libshutdown$$00000010)
    __rt_lib_shutdown_signal_1               0x080002e7   Thumb Code     0  libshutdown2.o(.ARM.Collect$$libshutdown$$0000000A)
    __rt_lib_shutdown_stdio_1                0x080002e7   Thumb Code     0  libshutdown2.o(.ARM.Collect$$libshutdown$$00000004)
    __rt_lib_shutdown_user_alloc_1           0x080002e7   Thumb Code     0  libshutdown2.o(.ARM.Collect$$libshutdown$$0000000C)
    __rt_entry                               0x080002e9   Thumb Code     0  __rtentry.o(.ARM.Collect$$rtentry$$00000000)
    __rt_entry_presh_1                       0x080002e9   Thumb Code     0  __rtentry2.o(.ARM.Collect$$rtentry$$00000002)
    __rt_entry_sh                            0x080002e9   Thumb Code     0  __rtentry4.o(.ARM.Collect$$rtentry$$00000004)
    __rt_entry_li                            0x080002ef   Thumb Code     0  __rtentry2.o(.ARM.Collect$$rtentry$$0000000A)
    __rt_entry_postsh_1                      0x080002ef   Thumb Code     0  __rtentry2.o(.ARM.Collect$$rtentry$$00000009)
    __rt_entry_main                          0x080002f3   Thumb Code     0  __rtentry2.o(.ARM.Collect$$rtentry$$0000000D)
    __rt_entry_postli_1                      0x080002f3   Thumb Code     0  __rtentry2.o(.ARM.Collect$$rtentry$$0000000C)
    __rt_exit                                0x080002fb   Thumb Code     0  rtexit.o(.ARM.Collect$$rtexit$$00000000)
    __rt_exit_ls                             0x080002fd   Thumb Code     0  rtexit2.o(.ARM.Collect$$rtexit$$00000003)
    __rt_exit_prels_1                        0x080002fd   Thumb Code     0  rtexit2.o(.ARM.Collect$$rtexit$$00000002)
    __rt_exit_exit                           0x08000301   Thumb Code     0  rtexit2.o(.ARM.Collect$$rtexit$$00000004)
    Reset_Handler                            0x08000309   Thumb Code     8  startup_stm32f407xx.o(.text)
    ADC_IRQHandler                           0x08000323   Thumb Code     0  startup_stm32f407xx.o(.text)
    CAN1_RX0_IRQHandler                      0x08000323   Thumb Code     0  startup_stm32f407xx.o(.text)
    CAN1_RX1_IRQHandler                      0x08000323   Thumb Code     0  startup_stm32f407xx.o(.text)
    CAN1_SCE_IRQHandler                      0x08000323   Thumb Code     0  startup_stm32f407xx.o(.text)
    CAN1_TX_IRQHandler                       0x08000323   Thumb Code     0  startup_stm32f407xx.o(.text)
    CAN2_RX0_IRQHandler                      0x08000323   Thumb Code     0  startup_stm32f407xx.o(.text)
    CAN2_RX1_IRQHandler                      0x08000323   Thumb Code     0  startup_stm32f407xx.o(.text)
    CAN2_SCE_IRQHandler                      0x08000323   Thumb Code     0  startup_stm32f407xx.o(.text)
    CAN2_TX_IRQHandler                       0x08000323   Thumb Code     0  startup_stm32f407xx.o(.text)
    DCMI_IRQHandler                          0x08000323   Thumb Code     0  startup_stm32f407xx.o(.text)
    DMA1_Stream0_IRQHandler                  0x08000323   Thumb Code     0  startup_stm32f407xx.o(.text)
    DMA1_Stream1_IRQHandler                  0x08000323   Thumb Code     0  startup_stm32f407xx.o(.text)
    DMA1_Stream2_IRQHandler                  0x08000323   Thumb Code     0  startup_stm32f407xx.o(.text)
    DMA1_Stream3_IRQHandler                  0x08000323   Thumb Code     0  startup_stm32f407xx.o(.text)
    DMA1_Stream4_IRQHandler                  0x08000323   Thumb Code     0  startup_stm32f407xx.o(.text)
    DMA1_Stream5_IRQHandler                  0x08000323   Thumb Code     0  startup_stm32f407xx.o(.text)
    DMA1_Stream6_IRQHandler                  0x08000323   Thumb Code     0  startup_stm32f407xx.o(.text)
    DMA1_Stream7_IRQHandler                  0x08000323   Thumb Code     0  startup_stm32f407xx.o(.text)
    DMA2_Stream0_IRQHandler                  0x08000323   Thumb Code     0  startup_stm32f407xx.o(.text)
    DMA2_Stream1_IRQHandler                  0x08000323   Thumb Code     0  startup_stm32f407xx.o(.text)
    DMA2_Stream2_IRQHandler                  0x08000323   Thumb Code     0  startup_stm32f407xx.o(.text)
    DMA2_Stream3_IRQHandler                  0x08000323   Thumb Code     0  startup_stm32f407xx.o(.text)
    DMA2_Stream4_IRQHandler                  0x08000323   Thumb Code     0  startup_stm32f407xx.o(.text)
    DMA2_Stream5_IRQHandler                  0x08000323   Thumb Code     0  startup_stm32f407xx.o(.text)
    DMA2_Stream6_IRQHandler                  0x08000323   Thumb Code     0  startup_stm32f407xx.o(.text)
    DMA2_Stream7_IRQHandler                  0x08000323   Thumb Code     0  startup_stm32f407xx.o(.text)
    ETH_IRQHandler                           0x08000323   Thumb Code     0  startup_stm32f407xx.o(.text)
    ETH_WKUP_IRQHandler                      0x08000323   Thumb Code     0  startup_stm32f407xx.o(.text)
    EXTI0_IRQHandler                         0x08000323   Thumb Code     0  startup_stm32f407xx.o(.text)
    EXTI15_10_IRQHandler                     0x08000323   Thumb Code     0  startup_stm32f407xx.o(.text)
    EXTI1_IRQHandler                         0x08000323   Thumb Code     0  startup_stm32f407xx.o(.text)
    EXTI2_IRQHandler                         0x08000323   Thumb Code     0  startup_stm32f407xx.o(.text)
    EXTI3_IRQHandler                         0x08000323   Thumb Code     0  startup_stm32f407xx.o(.text)
    EXTI4_IRQHandler                         0x08000323   Thumb Code     0  startup_stm32f407xx.o(.text)
    EXTI9_5_IRQHandler                       0x08000323   Thumb Code     0  startup_stm32f407xx.o(.text)
    FLASH_IRQHandler                         0x08000323   Thumb Code     0  startup_stm32f407xx.o(.text)
    FMC_IRQHandler                           0x08000323   Thumb Code     0  startup_stm32f407xx.o(.text)
    FPU_IRQHandler                           0x08000323   Thumb Code     0  startup_stm32f407xx.o(.text)
    HASH_RNG_IRQHandler                      0x08000323   Thumb Code     0  startup_stm32f407xx.o(.text)
    I2C1_ER_IRQHandler                       0x08000323   Thumb Code     0  startup_stm32f407xx.o(.text)
    I2C1_EV_IRQHandler                       0x08000323   Thumb Code     0  startup_stm32f407xx.o(.text)
    I2C2_ER_IRQHandler                       0x08000323   Thumb Code     0  startup_stm32f407xx.o(.text)
    I2C2_EV_IRQHandler                       0x08000323   Thumb Code     0  startup_stm32f407xx.o(.text)
    I2C3_ER_IRQHandler                       0x08000323   Thumb Code     0  startup_stm32f407xx.o(.text)
    I2C3_EV_IRQHandler                       0x08000323   Thumb Code     0  startup_stm32f407xx.o(.text)
    OTG_FS_IRQHandler                        0x08000323   Thumb Code     0  startup_stm32f407xx.o(.text)
    OTG_FS_WKUP_IRQHandler                   0x08000323   Thumb Code     0  startup_stm32f407xx.o(.text)
    OTG_HS_EP1_IN_IRQHandler                 0x08000323   Thumb Code     0  startup_stm32f407xx.o(.text)
    OTG_HS_EP1_OUT_IRQHandler                0x08000323   Thumb Code     0  startup_stm32f407xx.o(.text)
    OTG_HS_IRQHandler                        0x08000323   Thumb Code     0  startup_stm32f407xx.o(.text)
    OTG_HS_WKUP_IRQHandler                   0x08000323   Thumb Code     0  startup_stm32f407xx.o(.text)
    PVD_IRQHandler                           0x08000323   Thumb Code     0  startup_stm32f407xx.o(.text)
    RCC_IRQHandler                           0x08000323   Thumb Code     0  startup_stm32f407xx.o(.text)
    RTC_Alarm_IRQHandler                     0x08000323   Thumb Code     0  startup_stm32f407xx.o(.text)
    RTC_WKUP_IRQHandler                      0x08000323   Thumb Code     0  startup_stm32f407xx.o(.text)
    SDIO_IRQHandler                          0x08000323   Thumb Code     0  startup_stm32f407xx.o(.text)
    SPI1_IRQHandler                          0x08000323   Thumb Code     0  startup_stm32f407xx.o(.text)
    SPI2_IRQHandler                          0x08000323   Thumb Code     0  startup_stm32f407xx.o(.text)
    SPI3_IRQHandler                          0x08000323   Thumb Code     0  startup_stm32f407xx.o(.text)
    TAMP_STAMP_IRQHandler                    0x08000323   Thumb Code     0  startup_stm32f407xx.o(.text)
    TIM1_BRK_TIM9_IRQHandler                 0x08000323   Thumb Code     0  startup_stm32f407xx.o(.text)
    TIM1_CC_IRQHandler                       0x08000323   Thumb Code     0  startup_stm32f407xx.o(.text)
    TIM1_TRG_COM_TIM11_IRQHandler            0x08000323   Thumb Code     0  startup_stm32f407xx.o(.text)
    TIM1_UP_TIM10_IRQHandler                 0x08000323   Thumb Code     0  startup_stm32f407xx.o(.text)
    TIM2_IRQHandler                          0x08000323   Thumb Code     0  startup_stm32f407xx.o(.text)
    TIM3_IRQHandler                          0x08000323   Thumb Code     0  startup_stm32f407xx.o(.text)
    TIM4_IRQHandler                          0x08000323   Thumb Code     0  startup_stm32f407xx.o(.text)
    TIM5_IRQHandler                          0x08000323   Thumb Code     0  startup_stm32f407xx.o(.text)
    TIM6_DAC_IRQHandler                      0x08000323   Thumb Code     0  startup_stm32f407xx.o(.text)
    TIM7_IRQHandler                          0x08000323   Thumb Code     0  startup_stm32f407xx.o(.text)
    TIM8_BRK_TIM12_IRQHandler                0x08000323   Thumb Code     0  startup_stm32f407xx.o(.text)
    TIM8_CC_IRQHandler                       0x08000323   Thumb Code     0  startup_stm32f407xx.o(.text)
    TIM8_TRG_COM_TIM14_IRQHandler            0x08000323   Thumb Code     0  startup_stm32f407xx.o(.text)
    TIM8_UP_TIM13_IRQHandler                 0x08000323   Thumb Code     0  startup_stm32f407xx.o(.text)
    UART4_IRQHandler                         0x08000323   Thumb Code     0  startup_stm32f407xx.o(.text)
    UART5_IRQHandler                         0x08000323   Thumb Code     0  startup_stm32f407xx.o(.text)
    USART1_IRQHandler                        0x08000323   Thumb Code     0  startup_stm32f407xx.o(.text)
    USART2_IRQHandler                        0x08000323   Thumb Code     0  startup_stm32f407xx.o(.text)
    USART3_IRQHandler                        0x08000323   Thumb Code     0  startup_stm32f407xx.o(.text)
    USART6_IRQHandler                        0x08000323   Thumb Code     0  startup_stm32f407xx.o(.text)
    WWDG_IRQHandler                          0x08000323   Thumb Code     0  startup_stm32f407xx.o(.text)
    __user_initial_stackheap                 0x08000325   Thumb Code     0  startup_stm32f407xx.o(.text)
    calloc                                   0x08000349   Thumb Code    40  calloc.o(.text)
    free                                     0x08000371   Thumb Code    78  h1_free.o(.text)
    __aeabi_uldivmod                         0x080003bf   Thumb Code     0  lludivv7m.o(.text)
    _ll_udiv                                 0x080003bf   Thumb Code   240  lludivv7m.o(.text)
    vsprintf                                 0x080004b1   Thumb Code    32  vsprintf.o(.text)
    __aeabi_memclr                           0x080004d5   Thumb Code     0  rt_memclr.o(.text)
    __rt_memclr                              0x080004d5   Thumb Code     0  rt_memclr.o(.text)
    _memset                                  0x080004d9   Thumb Code    64  rt_memclr.o(.text)
    __aeabi_memclr4                          0x08000519   Thumb Code     0  rt_memclr_w.o(.text)
    __aeabi_memclr8                          0x08000519   Thumb Code     0  rt_memclr_w.o(.text)
    __rt_memclr_w                            0x08000519   Thumb Code     0  rt_memclr_w.o(.text)
    _memset_w                                0x0800051d   Thumb Code    74  rt_memclr_w.o(.text)
    __use_two_region_memory                  0x08000567   Thumb Code     2  heapauxi.o(.text)
    __rt_heap_escrow                         0x08000569   Thumb Code     2  heapauxi.o(.text)
    __rt_heap_expand                         0x0800056b   Thumb Code     2  heapauxi.o(.text)
    __rt_heap_descriptor                     0x0800056d   Thumb Code     8  rt_heap_descriptor_intlibspace.o(.text)
    __use_no_heap                            0x08000575   Thumb Code     2  hguard.o(.text)
    __heap$guard                             0x08000577   Thumb Code     2  hguard.o(.text)
    _terminate_user_alloc                    0x08000579   Thumb Code     2  init_alloc.o(.text)
    _init_user_alloc                         0x0800057b   Thumb Code     2  init_alloc.o(.text)
    __Heap_Full                              0x0800057d   Thumb Code    34  init_alloc.o(.text)
    __Heap_Broken                            0x0800059f   Thumb Code     6  init_alloc.o(.text)
    _init_alloc                              0x080005a5   Thumb Code    94  init_alloc.o(.text)
    malloc                                   0x08000603   Thumb Code    94  h1_alloc.o(.text)
    _printf_pre_padding                      0x08000661   Thumb Code    44  _printf_pad.o(.text)
    _printf_post_padding                     0x0800068d   Thumb Code    34  _printf_pad.o(.text)
    _printf_truncate_signed                  0x080006af   Thumb Code    18  _printf_truncate.o(.text)
    _printf_truncate_unsigned                0x080006c1   Thumb Code    18  _printf_truncate.o(.text)
    _printf_str                              0x080006d3   Thumb Code    82  _printf_str.o(.text)
    _printf_int_dec                          0x08000725   Thumb Code   104  _printf_dec.o(.text)
    _printf_charcount                        0x0800079d   Thumb Code    40  _printf_charcount.o(.text)
    _printf_char_common                      0x080007cf   Thumb Code    32  _printf_char_common.o(.text)
    _sputc                                   0x080007f5   Thumb Code    10  _sputc.o(.text)
    _printf_wctomb                           0x08000801   Thumb Code   182  _printf_wctomb.o(.text)
    _printf_longlong_dec                     0x080008bd   Thumb Code   108  _printf_longlong_dec.o(.text)
    _printf_longlong_oct                     0x08000939   Thumb Code    68  _printf_oct_int_ll.o(.text)
    _printf_int_oct                          0x0800097d   Thumb Code    24  _printf_oct_int_ll.o(.text)
    _printf_ll_oct                           0x08000995   Thumb Code    12  _printf_oct_int_ll.o(.text)
    _printf_longlong_hex                     0x080009a9   Thumb Code    86  _printf_hex_int_ll_ptr.o(.text)
    _printf_int_hex                          0x080009ff   Thumb Code    28  _printf_hex_int_ll_ptr.o(.text)
    _printf_ll_hex                           0x08000a1b   Thumb Code    12  _printf_hex_int_ll_ptr.o(.text)
    _printf_hex_ptr                          0x08000a27   Thumb Code    18  _printf_hex_int_ll_ptr.o(.text)
    __printf                                 0x08000a3d   Thumb Code   388  __printf_flags_ss_wp.o(.text)
    __user_libspace                          0x08000bc5   Thumb Code     8  libspace.o(.text)
    __user_perproc_libspace                  0x08000bc5   Thumb Code     0  libspace.o(.text)
    __user_perthread_libspace                0x08000bc5   Thumb Code     0  libspace.o(.text)
    __Heap_Initialize                        0x08000bcd   Thumb Code     8  h1_init.o(.text)
    _maybe_terminate_alloc                   0x08000bcd   Thumb Code     0  maybetermalloc1.o(.text)
    __Heap_DescSize                          0x08000bd5   Thumb Code     4  h1_init.o(.text)
    __Heap_ProvideMemory                     0x08000bd9   Thumb Code    52  h1_extend.o(.text)
    _ll_udiv10                               0x08000c0d   Thumb Code   138  lludiv10.o(.text)
    _printf_int_common                       0x08000c97   Thumb Code   178  _printf_intcommon.o(.text)
    _printf_fp_dec_real                      0x08000ef9   Thumb Code   620  _printf_fp_dec.o(.text)
    _printf_fp_hex_real                      0x08001165   Thumb Code   756  _printf_fp_hex.o(.text)
    _printf_cs_common                        0x08001461   Thumb Code    20  _printf_char.o(.text)
    _printf_char                             0x08001475   Thumb Code    16  _printf_char.o(.text)
    _printf_string                           0x08001485   Thumb Code     8  _printf_char.o(.text)
    _printf_lcs_common                       0x0800148d   Thumb Code    20  _printf_wchar.o(.text)
    _printf_wchar                            0x080014a1   Thumb Code    16  _printf_wchar.o(.text)
    _printf_wstring                          0x080014b1   Thumb Code     8  _printf_wchar.o(.text)
    _c16rtomb                                0x080014b9   Thumb Code    72  _c16rtomb.o(.text)
    _wcrtomb                                 0x080014b9   Thumb Code     0  _c16rtomb.o(.text)
    __rt_SIGRTMEM                            0x08001501   Thumb Code    14  defsig_rtmem_outer.o(.text)
    __user_setup_stackheap                   0x0800150f   Thumb Code    74  sys_stackheap_outer.o(.text)
    __rt_ctype_table                         0x08001559   Thumb Code    16  rt_ctype_table.o(.text)
    __rt_locale                              0x08001569   Thumb Code     8  rt_locale_intlibspace.o(.text)
    _printf_fp_infnan                        0x08001571   Thumb Code   112  _printf_fp_infnan.o(.text)
    _btod_etento                             0x080015f1   Thumb Code   224  bigflt0.o(.text)
    exit                                     0x080016d5   Thumb Code    18  exit.o(.text)
    __sig_exit                               0x080016e7   Thumb Code    10  defsig_exit.o(.text)
    __rt_SIGRTMEM_inner                      0x080016f1   Thumb Code    22  defsig_rtmem_inner.o(.text)
    _sys_exit                                0x08001741   Thumb Code     8  sys_exit.o(.text)
    __I$use$semihosting                      0x0800174d   Thumb Code     0  use_no_semi.o(.text)
    __use_no_semihosting_swi                 0x0800174d   Thumb Code     2  use_no_semi.o(.text)
    __default_signal_display                 0x0800174f   Thumb Code    50  defsig_general.o(.text)
    __semihosting_library_function           0x0800174f   Thumb Code     0  indicate_semi.o(.text)
    strcmp                                   0x08001781   Thumb Code   124  strcmpv7em.o(.text)
    _ttywrch                                 0x080017fd   Thumb Code    14  sys_wrch.o(.text)
    BusFault_Handler                         0x08001c61   Thumb Code     4  stm32f4xx_it.o(.text.BusFault_Handler)
    DebugMon_Handler                         0x08001c65   Thumb Code     2  stm32f4xx_it.o(.text.DebugMon_Handler)
    Error_Handler                            0x08001c69   Thumb Code     6  main.o(.text.Error_Handler)
    HAL_CRC_Accumulate                       0x08001c71   Thumb Code    76  stm32f4xx_hal_crc.o(.text.HAL_CRC_Accumulate)
    HAL_CRC_DeInit                           0x08001cbd   Thumb Code   104  stm32f4xx_hal_crc.o(.text.HAL_CRC_DeInit)
    HAL_CRC_Init                             0x08001d25   Thumb Code    64  stm32f4xx_hal_crc.o(.text.HAL_CRC_Init)
    HAL_CRC_MspDeInit                        0x08001d65   Thumb Code    44  crc.o(.text.HAL_CRC_MspDeInit)
    HAL_CRC_MspInit                          0x08001d91   Thumb Code    62  crc.o(.text.HAL_CRC_MspInit)
    HAL_Delay                                0x08001dd1   Thumb Code    66  stm32f4xx_hal.o(.text.HAL_Delay)
    HAL_GPIO_DeInit                          0x08001e15   Thumb Code   548  stm32f4xx_hal_gpio.o(.text.HAL_GPIO_DeInit)
    HAL_GPIO_Init                            0x08002039   Thumb Code   950  stm32f4xx_hal_gpio.o(.text.HAL_GPIO_Init)
    HAL_GPIO_WritePin                        0x080023f1   Thumb Code    46  stm32f4xx_hal_gpio.o(.text.HAL_GPIO_WritePin)
    HAL_GetTick                              0x08002421   Thumb Code    12  stm32f4xx_hal.o(.text.HAL_GetTick)
    HAL_IncTick                              0x0800242d   Thumb Code    26  stm32f4xx_hal.o(.text.HAL_IncTick)
    HAL_Init                                 0x08002449   Thumb Code    54  stm32f4xx_hal.o(.text.HAL_Init)
    HAL_InitTick                             0x08002481   Thumb Code   112  stm32f4xx_hal.o(.text.HAL_InitTick)
    HAL_MspInit                              0x080024f1   Thumb Code    74  stm32f4xx_hal_msp.o(.text.HAL_MspInit)
    HAL_NVIC_SetPriority                     0x0800253d   Thumb Code    50  stm32f4xx_hal_cortex.o(.text.HAL_NVIC_SetPriority)
    HAL_NVIC_SetPriorityGrouping             0x08002571   Thumb Code    16  stm32f4xx_hal_cortex.o(.text.HAL_NVIC_SetPriorityGrouping)
    HAL_RCC_ClockConfig                      0x08002581   Thumb Code   610  stm32f4xx_hal_rcc.o(.text.HAL_RCC_ClockConfig)
    HAL_RCC_DeInit                           0x080027e5   Thumb Code   512  stm32f4xx_hal_rcc_ex.o(.text.HAL_RCC_DeInit)
    HAL_RCC_GetHCLKFreq                      0x080029e5   Thumb Code    12  stm32f4xx_hal_rcc.o(.text.HAL_RCC_GetHCLKFreq)
    HAL_RCC_GetPCLK1Freq                     0x080029f1   Thumb Code    34  stm32f4xx_hal_rcc.o(.text.HAL_RCC_GetPCLK1Freq)
    HAL_RCC_GetPCLK2Freq                     0x08002a15   Thumb Code    34  stm32f4xx_hal_rcc.o(.text.HAL_RCC_GetPCLK2Freq)
    HAL_RCC_GetSysClockFreq                  0x08002a39   Thumb Code   230  stm32f4xx_hal_rcc.o(.text.HAL_RCC_GetSysClockFreq)
    HAL_RCC_OscConfig                        0x08002b21   Thumb Code  1726  stm32f4xx_hal_rcc.o(.text.HAL_RCC_OscConfig)
    HAL_SYSTICK_Config                       0x080031e1   Thumb Code    16  stm32f4xx_hal_cortex.o(.text.HAL_SYSTICK_Config)
    HAL_UART_DeInit                          0x080031f1   Thumb Code   100  stm32f4xx_hal_uart.o(.text.HAL_UART_DeInit)
    HAL_UART_Init                            0x08003255   Thumb Code   158  stm32f4xx_hal_uart.o(.text.HAL_UART_Init)
    HAL_UART_MspDeInit                       0x080032f5   Thumb Code   112  usart.o(.text.HAL_UART_MspDeInit)
    HAL_UART_MspInit                         0x08003365   Thumb Code   264  usart.o(.text.HAL_UART_MspInit)
    HAL_UART_Receive                         0x0800346d   Thumb Code   318  stm32f4xx_hal_uart.o(.text.HAL_UART_Receive)
    HAL_UART_Transmit                        0x080035ad   Thumb Code   304  stm32f4xx_hal_uart.o(.text.HAL_UART_Transmit)
    HardFault_Handler                        0x080036dd   Thumb Code     4  stm32f4xx_it.o(.text.HardFault_Handler)
    LED_Turn_Off                             0x080036e1   Thumb Code    30  led.o(.text.LED_Turn_Off)
    LED_Turn_On                              0x08003701   Thumb Code    30  led.o(.text.LED_Turn_On)
    MX_CRC_Init                              0x08003721   Thumb Code    36  crc.o(.text.MX_CRC_Init)
    MX_GPIO_Init                             0x08003745   Thumb Code   202  gpio.o(.text.MX_GPIO_Init)
    MX_USART2_UART_Init                      0x08003811   Thumb Code    64  usart.o(.text.MX_USART2_UART_Init)
    MX_USART3_UART_Init                      0x08003851   Thumb Code    64  usart.o(.text.MX_USART3_UART_Init)
    MemManage_Handler                        0x08003891   Thumb Code     4  stm32f4xx_it.o(.text.MemManage_Handler)
    NMI_Handler                              0x08003895   Thumb Code     4  stm32f4xx_it.o(.text.NMI_Handler)
    PendSV_Handler                           0x08003905   Thumb Code     2  stm32f4xx_it.o(.text.PendSV_Handler)
    SVC_Handler                              0x08003909   Thumb Code     2  stm32f4xx_it.o(.text.SVC_Handler)
    SysTick_Handler                          0x08003961   Thumb Code     8  stm32f4xx_it.o(.text.SysTick_Handler)
    SystemClock_Config                       0x08003969   Thumb Code   186  main.o(.text.SystemClock_Config)
    SystemInit                               0x08003a25   Thumb Code    18  system_stm32f4xx.o(.text.SystemInit)
    UsageFault_Handler                       0x08003ce5   Thumb Code     4  stm32f4xx_it.o(.text.UsageFault_Handler)
    bootloader_Debug_Display                 0x08003d79   Thumb Code   106  bootloader.o(.text.bootloader_Debug_Display)
    bootloader_Receive_From_Host             0x08003de5   Thumb Code   366  bootloader.o(.text.bootloader_Receive_From_Host)
    jump_To_Application                      0x08003f69   Thumb Code   106  main.o(.text.jump_To_Application)
    main                                     0x08003fd5   Thumb Code   108  main.o(.text.main)
    _btod_d2e                                0x08004187   Thumb Code    62  btod.o(CL$$btod_d2e)
    _d2e_denorm_low                          0x080041c5   Thumb Code    70  btod.o(CL$$btod_d2e_denorm_low)
    _d2e_norm_op1                            0x0800420b   Thumb Code    96  btod.o(CL$$btod_d2e_norm_op1)
    __btod_div_common                        0x0800426d   Thumb Code   696  btod.o(CL$$btod_div_common)
    _e2e                                     0x080045a5   Thumb Code   220  btod.o(CL$$btod_e2e)
    _btod_ediv                               0x08004681   Thumb Code    42  btod.o(CL$$btod_ediv)
    _btod_emul                               0x080046ab   Thumb Code    42  btod.o(CL$$btod_emul)
    __btod_mult_common                       0x080046d5   Thumb Code   580  btod.o(CL$$btod_mult_common)
    __ARM_fpclassify                         0x08004919   Thumb Code    48  fpclassify.o(i.__ARM_fpclassify)
    _is_digit                                0x08004949   Thumb Code    14  __printf_wp.o(i._is_digit)
    _get_lc_numeric                          0x08004959   Thumb Code    44  lc_numeric_c.o(locale$$code)
    _get_lc_ctype                            0x08004985   Thumb Code    44  lc_ctype_c.o(locale$$code)
    _fp_init                                 0x080049b1   Thumb Code    26  fpinit.o(x$fpl$fpinit)
    __fplib_config_fpu_vfp                   0x080049c9   Thumb Code     0  fpinit.o(x$fpl$fpinit)
    __fplib_config_pureend_doubles           0x080049c9   Thumb Code     0  fpinit.o(x$fpl$fpinit)
    _printf_fp_dec                           0x080049cb   Thumb Code     4  printf1.o(x$fpl$printf1)
    _printf_fp_hex                           0x080049cf   Thumb Code     4  printf2.o(x$fpl$printf2)
    __I$use$fp                               0x080049d2   Number         0  usenofp.o(x$fpl$usenofp)
    AHBPrescTable                            0x08004ad0   Data          16  system_stm32f4xx.o(.rodata.AHBPrescTable)
    APBPrescTable                            0x08004ae0   Data           8  system_stm32f4xx.o(.rodata.APBPrescTable)
    Region$$Table$$Base                      0x08004ba0   Number         0  anon$$obj.o(Region$$Table)
    Region$$Table$$Limit                     0x08004bc0   Number         0  anon$$obj.o(Region$$Table)
    __ctype                                  0x08004be9   Data           0  lc_ctype_c.o(locale$$data)
    SystemCoreClock                          0x20000000   Data           4  system_stm32f4xx.o(.data.SystemCoreClock)
    uwTickFreq                               0x20000004   Data           1  stm32f4xx_hal.o(.data.uwTickFreq)
    uwTickPrio                               0x20000008   Data           4  stm32f4xx_hal.o(.data.uwTickPrio)
    __libspace_start                         0x20000010   Data          96  libspace.o(.bss)
    __temporary_stack_top$libspace           0x20000070   Data           0  libspace.o(.bss)
    hcrc                                     0x20000070   Data           8  crc.o(.bss.hcrc)
    huart2                                   0x20000078   Data          72  usart.o(.bss.huart2)
    huart3                                   0x200000c0   Data          72  usart.o(.bss.huart3)
    uwTick                                   0x2000016c   Data           4  stm32f4xx_hal.o(.bss.uwTick)



==============================================================================

Memory Map of the image

  Image Entry point : 0x08000189

  Load Region LR_IROM1 (Base: 0x08000000, Size: 0x00004d00, Max: 0x00100000, ABSOLUTE)

    Execution Region ER_IROM1 (Exec base: 0x08000000, Load base: 0x08000000, Size: 0x00004cec, Max: 0x00100000, ABSOLUTE)

    Exec Addr    Load Addr    Size         Type   Attr      Idx    E Section Name        Object

    0x08000000   0x08000000   0x00000188   Data   RO            3    RESET               startup_stm32f407xx.o
    0x08000188   0x08000188   0x00000008   Code   RO          818  * !!!main             c_w.l(__main.o)
    0x08000190   0x08000190   0x0000005c   Code   RO         1215    !!!scatter          c_w.l(__scatter.o)
    0x080001ec   0x080001ec   0x0000001a   Code   RO         1219    !!handler_copy      c_w.l(__scatter_copy.o)
    0x08000206   0x08000206   0x00000002   PAD
    0x08000208   0x08000208   0x00000002   Code   RO         1216    !!handler_null      c_w.l(__scatter.o)
    0x0800020a   0x0800020a   0x00000002   PAD
    0x0800020c   0x0800020c   0x0000001c   Code   RO         1221    !!handler_zi        c_w.l(__scatter_zi.o)
    0x08000228   0x08000228   0x00000000   Code   RO          933    .ARM.Collect$$_printf_percent$$00000000  c_w.l(_printf_percent.o)
    0x08000228   0x08000228   0x00000006   Code   RO          922    .ARM.Collect$$_printf_percent$$00000001  c_w.l(_printf_n.o)
    0x0800022e   0x0800022e   0x00000006   Code   RO          924    .ARM.Collect$$_printf_percent$$00000002  c_w.l(_printf_p.o)
    0x08000234   0x08000234   0x00000006   Code   RO          929    .ARM.Collect$$_printf_percent$$00000003  c_w.l(_printf_f.o)
    0x0800023a   0x0800023a   0x00000006   Code   RO          930    .ARM.Collect$$_printf_percent$$00000004  c_w.l(_printf_e.o)
    0x08000240   0x08000240   0x00000006   Code   RO          931    .ARM.Collect$$_printf_percent$$00000005  c_w.l(_printf_g.o)
    0x08000246   0x08000246   0x00000006   Code   RO          932    .ARM.Collect$$_printf_percent$$00000006  c_w.l(_printf_a.o)
    0x0800024c   0x0800024c   0x0000000a   Code   RO          937    .ARM.Collect$$_printf_percent$$00000007  c_w.l(_printf_ll.o)
    0x08000256   0x08000256   0x00000006   Code   RO          926    .ARM.Collect$$_printf_percent$$00000008  c_w.l(_printf_i.o)
    0x0800025c   0x0800025c   0x00000006   Code   RO          927    .ARM.Collect$$_printf_percent$$00000009  c_w.l(_printf_d.o)
    0x08000262   0x08000262   0x00000006   Code   RO          928    .ARM.Collect$$_printf_percent$$0000000A  c_w.l(_printf_u.o)
    0x08000268   0x08000268   0x00000006   Code   RO          925    .ARM.Collect$$_printf_percent$$0000000B  c_w.l(_printf_o.o)
    0x0800026e   0x0800026e   0x00000006   Code   RO          923    .ARM.Collect$$_printf_percent$$0000000C  c_w.l(_printf_x.o)
    0x08000274   0x08000274   0x00000006   Code   RO          934    .ARM.Collect$$_printf_percent$$0000000D  c_w.l(_printf_lli.o)
    0x0800027a   0x0800027a   0x00000006   Code   RO          935    .ARM.Collect$$_printf_percent$$0000000E  c_w.l(_printf_lld.o)
    0x08000280   0x08000280   0x00000006   Code   RO          936    .ARM.Collect$$_printf_percent$$0000000F  c_w.l(_printf_llu.o)
    0x08000286   0x08000286   0x00000006   Code   RO          941    .ARM.Collect$$_printf_percent$$00000010  c_w.l(_printf_llo.o)
    0x0800028c   0x0800028c   0x00000006   Code   RO          942    .ARM.Collect$$_printf_percent$$00000011  c_w.l(_printf_llx.o)
    0x08000292   0x08000292   0x0000000a   Code   RO          938    .ARM.Collect$$_printf_percent$$00000012  c_w.l(_printf_l.o)
    0x0800029c   0x0800029c   0x00000006   Code   RO          920    .ARM.Collect$$_printf_percent$$00000013  c_w.l(_printf_c.o)
    0x080002a2   0x080002a2   0x00000006   Code   RO          921    .ARM.Collect$$_printf_percent$$00000014  c_w.l(_printf_s.o)
    0x080002a8   0x080002a8   0x00000006   Code   RO          939    .ARM.Collect$$_printf_percent$$00000015  c_w.l(_printf_lc.o)
    0x080002ae   0x080002ae   0x00000006   Code   RO          940    .ARM.Collect$$_printf_percent$$00000016  c_w.l(_printf_ls.o)
    0x080002b4   0x080002b4   0x00000004   Code   RO         1000    .ARM.Collect$$_printf_percent$$00000017  c_w.l(_printf_percent_end.o)
    0x080002b8   0x080002b8   0x00000002   Code   RO         1127    .ARM.Collect$$libinit$$00000000  c_w.l(libinit.o)
    0x080002ba   0x080002ba   0x00000004   Code   RO         1012    .ARM.Collect$$libinit$$00000001  c_w.l(libinit2.o)
    0x080002be   0x080002be   0x00000000   Code   RO         1015    .ARM.Collect$$libinit$$00000004  c_w.l(libinit2.o)
    0x080002be   0x080002be   0x00000000   Code   RO         1017    .ARM.Collect$$libinit$$00000006  c_w.l(libinit2.o)
    0x080002be   0x080002be   0x00000008   Code   RO         1018    .ARM.Collect$$libinit$$00000007  c_w.l(libinit2.o)
    0x080002c6   0x080002c6   0x00000000   Code   RO         1020    .ARM.Collect$$libinit$$0000000C  c_w.l(libinit2.o)
    0x080002c6   0x080002c6   0x00000000   Code   RO         1022    .ARM.Collect$$libinit$$0000000E  c_w.l(libinit2.o)
    0x080002c6   0x080002c6   0x00000000   Code   RO         1024    .ARM.Collect$$libinit$$00000010  c_w.l(libinit2.o)
    0x080002c6   0x080002c6   0x00000006   Code   RO         1025    .ARM.Collect$$libinit$$00000011  c_w.l(libinit2.o)
    0x080002cc   0x080002cc   0x00000000   Code   RO         1027    .ARM.Collect$$libinit$$00000013  c_w.l(libinit2.o)
    0x080002cc   0x080002cc   0x0000000c   Code   RO         1028    .ARM.Collect$$libinit$$00000014  c_w.l(libinit2.o)
    0x080002d8   0x080002d8   0x00000000   Code   RO         1029    .ARM.Collect$$libinit$$00000015  c_w.l(libinit2.o)
    0x080002d8   0x080002d8   0x00000000   Code   RO         1031    .ARM.Collect$$libinit$$00000017  c_w.l(libinit2.o)
    0x080002d8   0x080002d8   0x0000000a   Code   RO         1032    .ARM.Collect$$libinit$$00000018  c_w.l(libinit2.o)
    0x080002e2   0x080002e2   0x00000000   Code   RO         1033    .ARM.Collect$$libinit$$00000019  c_w.l(libinit2.o)
    0x080002e2   0x080002e2   0x00000000   Code   RO         1035    .ARM.Collect$$libinit$$0000001B  c_w.l(libinit2.o)
    0x080002e2   0x080002e2   0x00000000   Code   RO         1037    .ARM.Collect$$libinit$$0000001D  c_w.l(libinit2.o)
    0x080002e2   0x080002e2   0x00000000   Code   RO         1039    .ARM.Collect$$libinit$$0000001F  c_w.l(libinit2.o)
    0x080002e2   0x080002e2   0x00000000   Code   RO         1041    .ARM.Collect$$libinit$$00000021  c_w.l(libinit2.o)
    0x080002e2   0x080002e2   0x00000000   Code   RO         1043    .ARM.Collect$$libinit$$00000023  c_w.l(libinit2.o)
    0x080002e2   0x080002e2   0x00000000   Code   RO         1045    .ARM.Collect$$libinit$$00000025  c_w.l(libinit2.o)
    0x080002e2   0x080002e2   0x00000000   Code   RO         1047    .ARM.Collect$$libinit$$00000027  c_w.l(libinit2.o)
    0x080002e2   0x080002e2   0x00000000   Code   RO         1051    .ARM.Collect$$libinit$$0000002E  c_w.l(libinit2.o)
    0x080002e2   0x080002e2   0x00000000   Code   RO         1053    .ARM.Collect$$libinit$$00000030  c_w.l(libinit2.o)
    0x080002e2   0x080002e2   0x00000000   Code   RO         1055    .ARM.Collect$$libinit$$00000032  c_w.l(libinit2.o)
    0x080002e2   0x080002e2   0x00000000   Code   RO         1057    .ARM.Collect$$libinit$$00000034  c_w.l(libinit2.o)
    0x080002e2   0x080002e2   0x00000002   Code   RO         1058    .ARM.Collect$$libinit$$00000035  c_w.l(libinit2.o)
    0x080002e4   0x080002e4   0x00000002   Code   RO         1212    .ARM.Collect$$libshutdown$$00000000  c_w.l(libshutdown.o)
    0x080002e6   0x080002e6   0x00000000   Code   RO         1166    .ARM.Collect$$libshutdown$$00000002  c_w.l(libshutdown2.o)
    0x080002e6   0x080002e6   0x00000000   Code   RO         1168    .ARM.Collect$$libshutdown$$00000004  c_w.l(libshutdown2.o)
    0x080002e6   0x080002e6   0x00000000   Code   RO         1171    .ARM.Collect$$libshutdown$$00000007  c_w.l(libshutdown2.o)
    0x080002e6   0x080002e6   0x00000000   Code   RO         1174    .ARM.Collect$$libshutdown$$0000000A  c_w.l(libshutdown2.o)
    0x080002e6   0x080002e6   0x00000000   Code   RO         1176    .ARM.Collect$$libshutdown$$0000000C  c_w.l(libshutdown2.o)
    0x080002e6   0x080002e6   0x00000000   Code   RO         1179    .ARM.Collect$$libshutdown$$0000000F  c_w.l(libshutdown2.o)
    0x080002e6   0x080002e6   0x00000002   Code   RO         1180    .ARM.Collect$$libshutdown$$00000010  c_w.l(libshutdown2.o)
    0x080002e8   0x080002e8   0x00000000   Code   RO          822    .ARM.Collect$$rtentry$$00000000  c_w.l(__rtentry.o)
    0x080002e8   0x080002e8   0x00000000   Code   RO          957    .ARM.Collect$$rtentry$$00000002  c_w.l(__rtentry2.o)
    0x080002e8   0x080002e8   0x00000006   Code   RO          969    .ARM.Collect$$rtentry$$00000004  c_w.l(__rtentry4.o)
    0x080002ee   0x080002ee   0x00000000   Code   RO          959    .ARM.Collect$$rtentry$$00000009  c_w.l(__rtentry2.o)
    0x080002ee   0x080002ee   0x00000004   Code   RO          960    .ARM.Collect$$rtentry$$0000000A  c_w.l(__rtentry2.o)
    0x080002f2   0x080002f2   0x00000000   Code   RO          962    .ARM.Collect$$rtentry$$0000000C  c_w.l(__rtentry2.o)
    0x080002f2   0x080002f2   0x00000008   Code   RO          963    .ARM.Collect$$rtentry$$0000000D  c_w.l(__rtentry2.o)
    0x080002fa   0x080002fa   0x00000002   Code   RO         1142    .ARM.Collect$$rtexit$$00000000  c_w.l(rtexit.o)
    0x080002fc   0x080002fc   0x00000000   Code   RO         1186    .ARM.Collect$$rtexit$$00000002  c_w.l(rtexit2.o)
    0x080002fc   0x080002fc   0x00000004   Code   RO         1187    .ARM.Collect$$rtexit$$00000003  c_w.l(rtexit2.o)
    0x08000300   0x08000300   0x00000006   Code   RO         1188    .ARM.Collect$$rtexit$$00000004  c_w.l(rtexit2.o)
    0x08000306   0x08000306   0x00000002   PAD
    0x08000308   0x08000308   0x00000040   Code   RO            4    .text               startup_stm32f407xx.o
    0x08000348   0x08000348   0x00000028   Code   RO          752    .text               c_w.l(calloc.o)
    0x08000370   0x08000370   0x0000004e   Code   RO          754    .text               c_w.l(h1_free.o)
    0x080003be   0x080003be   0x000000f0   Code   RO          808    .text               c_w.l(lludivv7m.o)
    0x080004ae   0x080004ae   0x00000002   PAD
    0x080004b0   0x080004b0   0x00000024   Code   RO          810    .text               c_w.l(vsprintf.o)
    0x080004d4   0x080004d4   0x00000044   Code   RO          812    .text               c_w.l(rt_memclr.o)
    0x08000518   0x08000518   0x0000004e   Code   RO          814    .text               c_w.l(rt_memclr_w.o)
    0x08000566   0x08000566   0x00000006   Code   RO          816    .text               c_w.l(heapauxi.o)
    0x0800056c   0x0800056c   0x00000008   Code   RO          830    .text               c_w.l(rt_heap_descriptor_intlibspace.o)
    0x08000574   0x08000574   0x00000004   Code   RO          832    .text               c_w.l(hguard.o)
    0x08000578   0x08000578   0x0000008a   Code   RO          834    .text               c_w.l(init_alloc.o)
    0x08000602   0x08000602   0x0000005e   Code   RO          840    .text               c_w.l(h1_alloc.o)
    0x08000660   0x08000660   0x0000004e   Code   RO          854    .text               c_w.l(_printf_pad.o)
    0x080006ae   0x080006ae   0x00000024   Code   RO          856    .text               c_w.l(_printf_truncate.o)
    0x080006d2   0x080006d2   0x00000052   Code   RO          858    .text               c_w.l(_printf_str.o)
    0x08000724   0x08000724   0x00000078   Code   RO          860    .text               c_w.l(_printf_dec.o)
    0x0800079c   0x0800079c   0x00000028   Code   RO          862    .text               c_w.l(_printf_charcount.o)
    0x080007c4   0x080007c4   0x00000030   Code   RO          864    .text               c_w.l(_printf_char_common.o)
    0x080007f4   0x080007f4   0x0000000a   Code   RO          866    .text               c_w.l(_sputc.o)
    0x080007fe   0x080007fe   0x00000002   PAD
    0x08000800   0x08000800   0x000000bc   Code   RO          868    .text               c_w.l(_printf_wctomb.o)
    0x080008bc   0x080008bc   0x0000007c   Code   RO          871    .text               c_w.l(_printf_longlong_dec.o)
    0x08000938   0x08000938   0x00000070   Code   RO          877    .text               c_w.l(_printf_oct_int_ll.o)
    0x080009a8   0x080009a8   0x00000094   Code   RO          897    .text               c_w.l(_printf_hex_int_ll_ptr.o)
    0x08000a3c   0x08000a3c   0x00000188   Code   RO          917    .text               c_w.l(__printf_flags_ss_wp.o)
    0x08000bc4   0x08000bc4   0x00000008   Code   RO          953    .text               c_w.l(libspace.o)
    0x08000bcc   0x08000bcc   0x00000000   Code   RO          973    .text               c_w.l(maybetermalloc1.o)
    0x08000bcc   0x08000bcc   0x0000000c   Code   RO          975    .text               c_w.l(h1_init.o)
    0x08000bd8   0x08000bd8   0x00000034   Code   RO          977    .text               c_w.l(h1_extend.o)
    0x08000c0c   0x08000c0c   0x0000008a   Code   RO          983    .text               c_w.l(lludiv10.o)
    0x08000c96   0x08000c96   0x000000b2   Code   RO          985    .text               c_w.l(_printf_intcommon.o)
    0x08000d48   0x08000d48   0x0000041c   Code   RO          987    .text               c_w.l(_printf_fp_dec.o)
    0x08001164   0x08001164   0x000002fc   Code   RO          991    .text               c_w.l(_printf_fp_hex.o)
    0x08001460   0x08001460   0x0000002c   Code   RO          996    .text               c_w.l(_printf_char.o)
    0x0800148c   0x0800148c   0x0000002c   Code   RO          998    .text               c_w.l(_printf_wchar.o)
    0x080014b8   0x080014b8   0x00000048   Code   RO         1001    .text               c_w.l(_c16rtomb.o)
    0x08001500   0x08001500   0x0000000e   Code   RO         1003    .text               c_w.l(defsig_rtmem_outer.o)
    0x0800150e   0x0800150e   0x0000004a   Code   RO         1063    .text               c_w.l(sys_stackheap_outer.o)
    0x08001558   0x08001558   0x00000010   Code   RO         1065    .text               c_w.l(rt_ctype_table.o)
    0x08001568   0x08001568   0x00000008   Code   RO         1072    .text               c_w.l(rt_locale_intlibspace.o)
    0x08001570   0x08001570   0x00000080   Code   RO         1078    .text               c_w.l(_printf_fp_infnan.o)
    0x080015f0   0x080015f0   0x000000e4   Code   RO         1080    .text               c_w.l(bigflt0.o)
    0x080016d4   0x080016d4   0x00000012   Code   RO         1110    .text               c_w.l(exit.o)
    0x080016e6   0x080016e6   0x0000000a   Code   RO         1112    .text               c_w.l(defsig_exit.o)
    0x080016f0   0x080016f0   0x00000050   Code   RO         1118    .text               c_w.l(defsig_rtmem_inner.o)
    0x08001740   0x08001740   0x0000000c   Code   RO         1135    .text               c_w.l(sys_exit.o)
    0x0800174c   0x0800174c   0x00000002   Code   RO         1139    .text               c_w.l(use_no_semi.o)
    0x0800174e   0x0800174e   0x00000000   Code   RO         1141    .text               c_w.l(indicate_semi.o)
    0x0800174e   0x0800174e   0x00000032   Code   RO         1155    .text               c_w.l(defsig_general.o)
    0x08001780   0x08001780   0x0000007c   Code   RO         1159    .text               c_w.l(strcmpv7em.o)
    0x080017fc   0x080017fc   0x0000000e   Code   RO         1181    .text               c_w.l(sys_wrch.o)
    0x0800180a   0x0800180a   0x00000002   PAD
    0x0800180c   0x0800180c   0x000000ec   Code   RO          711    .text.BootLoader_Get_Chip_Identification_Number  bootloader.o
    0x080018f8   0x080018f8   0x000000f2   Code   RO          709    .text.BootLoader_Get_Help  bootloader.o
    0x080019ea   0x080019ea   0x00000002   PAD
    0x080019ec   0x080019ec   0x000000de   Code   RO          707    .text.BootLoader_Get_Version  bootloader.o
    0x08001aca   0x08001aca   0x00000002   PAD
    0x08001acc   0x08001acc   0x000000bc   Code   RO          713    .text.BootLoader_Jump_To_Address  bootloader.o
    0x08001b88   0x08001b88   0x00000060   Code   RO          717    .text.BootLoader_Send_ACK  bootloader.o
    0x08001be8   0x08001be8   0x0000003a   Code   RO          721    .text.BootLoader_Send_NACK  bootloader.o
    0x08001c22   0x08001c22   0x00000002   PAD
    0x08001c24   0x08001c24   0x0000003a   Code   RO          719    .text.BootLoader_Send_To_Host  bootloader.o
    0x08001c5e   0x08001c5e   0x00000002   PAD
    0x08001c60   0x08001c60   0x00000004   Code   RO           74    .text.BusFault_Handler  stm32f4xx_it.o
    0x08001c64   0x08001c64   0x00000002   Code   RO           80    .text.DebugMon_Handler  stm32f4xx_it.o
    0x08001c66   0x08001c66   0x00000002   PAD
    0x08001c68   0x08001c68   0x00000006   Code   RO           17    .text.Error_Handler  main.o
    0x08001c6e   0x08001c6e   0x00000002   PAD
    0x08001c70   0x08001c70   0x0000004c   Code   RO          109    .text.HAL_CRC_Accumulate  stm32f4xx_hal_crc.o
    0x08001cbc   0x08001cbc   0x00000068   Code   RO          105    .text.HAL_CRC_DeInit  stm32f4xx_hal_crc.o
    0x08001d24   0x08001d24   0x00000040   Code   RO          101    .text.HAL_CRC_Init  stm32f4xx_hal_crc.o
    0x08001d64   0x08001d64   0x0000002c   Code   RO           41    .text.HAL_CRC_MspDeInit  crc.o
    0x08001d90   0x08001d90   0x0000003e   Code   RO           39    .text.HAL_CRC_MspInit  crc.o
    0x08001dce   0x08001dce   0x00000002   PAD
    0x08001dd0   0x08001dd0   0x00000042   Code   RO          487    .text.HAL_Delay     stm32f4xx_hal.o
    0x08001e12   0x08001e12   0x00000002   PAD
    0x08001e14   0x08001e14   0x00000224   Code   RO          260    .text.HAL_GPIO_DeInit  stm32f4xx_hal_gpio.o
    0x08002038   0x08002038   0x000003b6   Code   RO          258    .text.HAL_GPIO_Init  stm32f4xx_hal_gpio.o
    0x080023ee   0x080023ee   0x00000002   PAD
    0x080023f0   0x080023f0   0x0000002e   Code   RO          264    .text.HAL_GPIO_WritePin  stm32f4xx_hal_gpio.o
    0x0800241e   0x0800241e   0x00000002   PAD
    0x08002420   0x08002420   0x0000000c   Code   RO          479    .text.HAL_GetTick   stm32f4xx_hal.o
    0x0800242c   0x0800242c   0x0000001a   Code   RO          477    .text.HAL_IncTick   stm32f4xx_hal.o
    0x08002446   0x08002446   0x00000002   PAD
    0x08002448   0x08002448   0x00000036   Code   RO          467    .text.HAL_Init      stm32f4xx_hal.o
    0x0800247e   0x0800247e   0x00000002   PAD
    0x08002480   0x08002480   0x00000070   Code   RO          469    .text.HAL_InitTick  stm32f4xx_hal.o
    0x080024f0   0x080024f0   0x0000004a   Code   RO           93    .text.HAL_MspInit   stm32f4xx_hal_msp.o
    0x0800253a   0x0800253a   0x00000002   PAD
    0x0800253c   0x0800253c   0x00000032   Code   RO          398    .text.HAL_NVIC_SetPriority  stm32f4xx_hal_cortex.o
    0x0800256e   0x0800256e   0x00000002   PAD
    0x08002570   0x08002570   0x00000010   Code   RO          394    .text.HAL_NVIC_SetPriorityGrouping  stm32f4xx_hal_cortex.o
    0x08002580   0x08002580   0x00000262   Code   RO          126    .text.HAL_RCC_ClockConfig  stm32f4xx_hal_rcc.o
    0x080027e2   0x080027e2   0x00000002   PAD
    0x080027e4   0x080027e4   0x00000200   Code   RO          167    .text.HAL_RCC_DeInit  stm32f4xx_hal_rcc_ex.o
    0x080029e4   0x080029e4   0x0000000c   Code   RO          136    .text.HAL_RCC_GetHCLKFreq  stm32f4xx_hal_rcc.o
    0x080029f0   0x080029f0   0x00000022   Code   RO          138    .text.HAL_RCC_GetPCLK1Freq  stm32f4xx_hal_rcc.o
    0x08002a12   0x08002a12   0x00000002   PAD
    0x08002a14   0x08002a14   0x00000022   Code   RO          140    .text.HAL_RCC_GetPCLK2Freq  stm32f4xx_hal_rcc.o
    0x08002a36   0x08002a36   0x00000002   PAD
    0x08002a38   0x08002a38   0x000000e6   Code   RO          128    .text.HAL_RCC_GetSysClockFreq  stm32f4xx_hal_rcc.o
    0x08002b1e   0x08002b1e   0x00000002   PAD
    0x08002b20   0x08002b20   0x000006be   Code   RO          124    .text.HAL_RCC_OscConfig  stm32f4xx_hal_rcc.o
    0x080031de   0x080031de   0x00000002   PAD
    0x080031e0   0x080031e0   0x00000010   Code   RO          418    .text.HAL_SYSTICK_Config  stm32f4xx_hal_cortex.o
    0x080031f0   0x080031f0   0x00000064   Code   RO          570    .text.HAL_UART_DeInit  stm32f4xx_hal_uart.o
    0x08003254   0x08003254   0x0000009e   Code   RO          558    .text.HAL_UART_Init  stm32f4xx_hal_uart.o
    0x080032f2   0x080032f2   0x00000002   PAD
    0x080032f4   0x080032f4   0x00000070   Code   RO           57    .text.HAL_UART_MspDeInit  usart.o
    0x08003364   0x08003364   0x00000108   Code   RO           55    .text.HAL_UART_MspInit  usart.o
    0x0800346c   0x0800346c   0x0000013e   Code   RO          578    .text.HAL_UART_Receive  stm32f4xx_hal_uart.o
    0x080035aa   0x080035aa   0x00000002   PAD
    0x080035ac   0x080035ac   0x00000130   Code   RO          574    .text.HAL_UART_Transmit  stm32f4xx_hal_uart.o
    0x080036dc   0x080036dc   0x00000004   Code   RO           70    .text.HardFault_Handler  stm32f4xx_it.o
    0x080036e0   0x080036e0   0x0000001e   Code   RO          740    .text.LED_Turn_Off  led.o
    0x080036fe   0x080036fe   0x00000002   PAD
    0x08003700   0x08003700   0x0000001e   Code   RO          738    .text.LED_Turn_On   led.o
    0x0800371e   0x0800371e   0x00000002   PAD
    0x08003720   0x08003720   0x00000024   Code   RO           37    .text.MX_CRC_Init   crc.o
    0x08003744   0x08003744   0x000000ca   Code   RO           29    .text.MX_GPIO_Init  gpio.o
    0x0800380e   0x0800380e   0x00000002   PAD
    0x08003810   0x08003810   0x00000040   Code   RO           51    .text.MX_USART2_UART_Init  usart.o
    0x08003850   0x08003850   0x00000040   Code   RO           53    .text.MX_USART3_UART_Init  usart.o
    0x08003890   0x08003890   0x00000004   Code   RO           72    .text.MemManage_Handler  stm32f4xx_it.o
    0x08003894   0x08003894   0x00000004   Code   RO           68    .text.NMI_Handler   stm32f4xx_it.o
    0x08003898   0x08003898   0x0000006c   Code   RO          404    .text.NVIC_EncodePriority  stm32f4xx_hal_cortex.o
    0x08003904   0x08003904   0x00000002   Code   RO           82    .text.PendSV_Handler  stm32f4xx_it.o
    0x08003906   0x08003906   0x00000002   PAD
    0x08003908   0x08003908   0x00000002   Code   RO           78    .text.SVC_Handler   stm32f4xx_it.o
    0x0800390a   0x0800390a   0x00000002   PAD
    0x0800390c   0x0800390c   0x00000052   Code   RO          420    .text.SysTick_Config  stm32f4xx_hal_cortex.o
    0x0800395e   0x0800395e   0x00000002   PAD
    0x08003960   0x08003960   0x00000008   Code   RO           84    .text.SysTick_Handler  stm32f4xx_it.o
    0x08003968   0x08003968   0x000000ba   Code   RO           15    .text.SystemClock_Config  main.o
    0x08003a22   0x08003a22   0x00000002   PAD
    0x08003a24   0x08003a24   0x00000012   Code   RO          689    .text.SystemInit    system_stm32f4xx.o
    0x08003a36   0x08003a36   0x00000002   PAD
    0x08003a38   0x08003a38   0x00000094   Code   RO          606    .text.UART_EndRxTransfer  stm32f4xx_hal_uart.o
    0x08003acc   0x08003acc   0x0000013a   Code   RO          562    .text.UART_SetConfig  stm32f4xx_hal_uart.o
    0x08003c06   0x08003c06   0x00000002   PAD
    0x08003c08   0x08003c08   0x000000da   Code   RO          576    .text.UART_WaitOnFlagUntilTimeout  stm32f4xx_hal_uart.o
    0x08003ce2   0x08003ce2   0x00000002   PAD
    0x08003ce4   0x08003ce4   0x00000004   Code   RO           76    .text.UsageFault_Handler  stm32f4xx_it.o
    0x08003ce8   0x08003ce8   0x00000010   Code   RO          400    .text.__NVIC_GetPriorityGrouping  stm32f4xx_hal_cortex.o
    0x08003cf8   0x08003cf8   0x00000042   Code   RO          402    .text.__NVIC_SetPriority  stm32f4xx_hal_cortex.o
    0x08003d3a   0x08003d3a   0x00000002   PAD
    0x08003d3c   0x08003d3c   0x0000003c   Code   RO          396    .text.__NVIC_SetPriorityGrouping  stm32f4xx_hal_cortex.o
    0x08003d78   0x08003d78   0x0000006a   Code   RO          703    .text.bootloader_Debug_Display  bootloader.o
    0x08003de2   0x08003de2   0x00000002   PAD
    0x08003de4   0x08003de4   0x0000016e   Code   RO          705    .text.bootloader_Receive_From_Host  bootloader.o
    0x08003f52   0x08003f52   0x00000002   PAD
    0x08003f54   0x08003f54   0x00000012   Code   RO          725    .text.jump_To_Address  bootloader.o
    0x08003f66   0x08003f66   0x00000002   PAD
    0x08003f68   0x08003f68   0x0000006a   Code   RO           11    .text.jump_To_Application  main.o
    0x08003fd2   0x08003fd2   0x00000002   PAD
    0x08003fd4   0x08003fd4   0x0000006c   Code   RO           13    .text.main          main.o
    0x08004040   0x08004040   0x000000a8   Code   RO          723    .text.verify_Address  bootloader.o
    0x080040e8   0x080040e8   0x0000009e   Code   RO          715    .text.verify_CRC    bootloader.o
    0x08004186   0x08004186   0x0000003e   Code   RO         1083    CL$$btod_d2e        c_w.l(btod.o)
    0x080041c4   0x080041c4   0x00000046   Code   RO         1085    CL$$btod_d2e_denorm_low  c_w.l(btod.o)
    0x0800420a   0x0800420a   0x00000060   Code   RO         1084    CL$$btod_d2e_norm_op1  c_w.l(btod.o)
    0x0800426a   0x0800426a   0x00000002   PAD
    0x0800426c   0x0800426c   0x00000338   Code   RO         1093    CL$$btod_div_common  c_w.l(btod.o)
    0x080045a4   0x080045a4   0x000000dc   Code   RO         1090    CL$$btod_e2e        c_w.l(btod.o)
    0x08004680   0x08004680   0x0000002a   Code   RO         1087    CL$$btod_ediv       c_w.l(btod.o)
    0x080046aa   0x080046aa   0x0000002a   Code   RO         1086    CL$$btod_emul       c_w.l(btod.o)
    0x080046d4   0x080046d4   0x00000244   Code   RO         1092    CL$$btod_mult_common  c_w.l(btod.o)
    0x08004918   0x08004918   0x00000030   Code   RO         1133    i.__ARM_fpclassify  m_wm.l(fpclassify.o)
    0x08004948   0x08004948   0x0000000e   Code   RO          910    i._is_digit         c_w.l(__printf_wp.o)
    0x08004956   0x08004956   0x00000002   PAD
    0x08004958   0x08004958   0x0000002c   Code   RO         1108    locale$$code        c_w.l(lc_numeric_c.o)
    0x08004984   0x08004984   0x0000002c   Code   RO         1151    locale$$code        c_w.l(lc_ctype_c.o)
    0x080049b0   0x080049b0   0x0000001a   Code   RO         1128    x$fpl$fpinit        fz_wm.l(fpinit.o)
    0x080049ca   0x080049ca   0x00000004   Code   RO          945    x$fpl$printf1       fz_wm.l(printf1.o)
    0x080049ce   0x080049ce   0x00000004   Code   RO          947    x$fpl$printf2       fz_wm.l(printf2.o)
    0x080049d2   0x080049d2   0x00000000   Code   RO         1132    x$fpl$usenofp       fz_wm.l(usenofp.o)
    0x080049d2   0x080049d2   0x00000002   PAD
    0x080049d4   0x080049d4   0x00000008   Data   RO          869    .constdata          c_w.l(_printf_wctomb.o)
    0x080049dc   0x080049dc   0x00000028   Data   RO          898    .constdata          c_w.l(_printf_hex_int_ll_ptr.o)
    0x08004a04   0x08004a04   0x00000011   Data   RO          918    .constdata          c_w.l(__printf_flags_ss_wp.o)
    0x08004a15   0x08004a15   0x00000026   Data   RO          992    .constdata          c_w.l(_printf_fp_hex.o)
    0x08004a3b   0x08004a3b   0x00000001   PAD
    0x08004a3c   0x08004a3c   0x00000094   Data   RO         1081    .constdata          c_w.l(bigflt0.o)
    0x08004ad0   0x08004ad0   0x00000010   Data   RO          694    .rodata.AHBPrescTable  system_stm32f4xx.o
    0x08004ae0   0x08004ae0   0x00000008   Data   RO          695    .rodata.APBPrescTable  system_stm32f4xx.o
    0x08004ae8   0x08004ae8   0x00000020   Data   RO           20    .rodata.str1.1      main.o
    0x08004b08   0x08004b08   0x00000096   Data   RO          729    .rodata.str1.1      bootloader.o
    0x08004b9e   0x08004b9e   0x00000002   PAD
    0x08004ba0   0x08004ba0   0x00000020   Data   RO         1214    Region$$Table       anon$$obj.o
    0x08004bc0   0x08004bc0   0x0000001c   Data   RO         1107    locale$$data        c_w.l(lc_numeric_c.o)
    0x08004bdc   0x08004bdc   0x00000110   Data   RO         1150    locale$$data        c_w.l(lc_ctype_c.o)


    Execution Region RW_IRAM1 (Exec base: 0x20000000, Load base: 0x08004cf0, Size: 0x00000770, Max: 0x0001c000, ABSOLUTE)

    Exec Addr    Load Addr    Size         Type   Attr      Idx    E Section Name        Object

    0x20000000   0x08004cf0   0x00000004   Data   RW          693    .data.SystemCoreClock  system_stm32f4xx.o
    0x20000004   0x08004cf4   0x00000001   Data   RW          522    .data.uwTickFreq    stm32f4xx_hal.o
    0x20000005   0x08004cf5   0x00000003   PAD
    0x20000008   0x08004cf8   0x00000004   Data   RW          521    .data.uwTickPrio    stm32f4xx_hal.o
    0x2000000c   0x08004cfc   0x00000004   PAD
    0x20000010        -       0x00000060   Zero   RW          954    .bss                c_w.l(libspace.o)
    0x20000070        -       0x00000008   Zero   RW           43    .bss.hcrc           crc.o
    0x20000078        -       0x00000048   Zero   RW           59    .bss.huart2         usart.o
    0x200000c0        -       0x00000048   Zero   RW           60    .bss.huart3         usart.o
    0x20000108        -       0x00000064   Zero   RW          727    .bss.uartHostBuffer  bootloader.o
    0x2000016c        -       0x00000004   Zero   RW          523    .bss.uwTick         stm32f4xx_hal.o
    0x20000170        -       0x00000200   Zero   RW            2    HEAP                startup_stm32f407xx.o
    0x20000370        -       0x00000400   Zero   RW            1    STACK               startup_stm32f407xx.o


    Execution Region RW_IRAM2 (Exec base: 0x2001c000, Load base: 0x08004d00, Size: 0x00000000, Max: 0x00004000, ABSOLUTE)

    **** No section assigned to this execution region ****


==============================================================================

Image component sizes


      Code (inc. data)   RO Data    RW Data    ZI Data      Debug   Object Name

      1916         10        150          0        100       4913   bootloader.o
       142          0          0          0          8       2603   crc.o
       202          0          0          0          0       2228   gpio.o
        60          0          0          0          0       1339   led.o
       406          0         32          0          0       3816   main.o
        64         26        392          0       1536        956   startup_stm32f407xx.o
       270          0          0          5          4       7215   stm32f4xx_hal.o
       414          0          0          0          0       9657   stm32f4xx_hal_cortex.o
       244          0          0          0          0       2843   stm32f4xx_hal_crc.o
      1544          0          0          0          0       5200   stm32f4xx_hal_gpio.o
        74          0          0          0          0       1572   stm32f4xx_hal_msp.o
      2646          0          0          0          0       7685   stm32f4xx_hal_rcc.o
       512          0          0          0          0       4291   stm32f4xx_hal_rcc_ex.o
      1560          0          0          0          0      20448   stm32f4xx_hal_uart.o
        34          0          0          0          0       1112   stm32f4xx_it.o
        18          0         24          4          0       2618   system_stm32f4xx.o
       504          0          0          0        144       5283   usart.o

    ----------------------------------------------------------------------
     10682         36        632         12       1796      83779   Object Totals
         0          0         32          0          0          0   (incl. Generated)
        72          0          2          3          4          0   (incl. Padding)

    ----------------------------------------------------------------------

      Code (inc. data)   RO Data    RW Data    ZI Data      Debug   Library Member Name

         8          0          0          0          0         68   __main.o
       392          4         17          0          0         92   __printf_flags_ss_wp.o
        14          0          0          0          0         68   __printf_wp.o
         0          0          0          0          0          0   __rtentry.o
        12          0          0          0          0          0   __rtentry2.o
         6          0          0          0          0          0   __rtentry4.o
        94          8          0          0          0          0   __scatter.o
        26          0          0          0          0          0   __scatter_copy.o
        28          0          0          0          0          0   __scatter_zi.o
        72          0          0          0          0         96   _c16rtomb.o
         6          0          0          0          0          0   _printf_a.o
         6          0          0          0          0          0   _printf_c.o
        44          0          0          0          0        108   _printf_char.o
        48          6          0          0          0         96   _printf_char_common.o
        40          0          0          0          0         68   _printf_charcount.o
         6          0          0          0          0          0   _printf_d.o
       120         16          0          0          0         92   _printf_dec.o
         6          0          0          0          0          0   _printf_e.o
         6          0          0          0          0          0   _printf_f.o
      1052          0          0          0          0        148   _printf_fp_dec.o
       764          8         38          0          0        100   _printf_fp_hex.o
       128         16          0          0          0         84   _printf_fp_infnan.o
         6          0          0          0          0          0   _printf_g.o
       148          4         40          0          0        160   _printf_hex_int_ll_ptr.o
         6          0          0          0          0          0   _printf_i.o
       178          0          0          0          0         88   _printf_intcommon.o
        10          0          0          0          0          0   _printf_l.o
         6          0          0          0          0          0   _printf_lc.o
        10          0          0          0          0          0   _printf_ll.o
         6          0          0          0          0          0   _printf_lld.o
         6          0          0          0          0          0   _printf_lli.o
         6          0          0          0          0          0   _printf_llo.o
         6          0          0          0          0          0   _printf_llu.o
         6          0          0          0          0          0   _printf_llx.o
       124         16          0          0          0         92   _printf_longlong_dec.o
         6          0          0          0          0          0   _printf_ls.o
         6          0          0          0          0          0   _printf_n.o
         6          0          0          0          0          0   _printf_o.o
       112          8          0          0          0        124   _printf_oct_int_ll.o
         6          0          0          0          0          0   _printf_p.o
        78          0          0          0          0        108   _printf_pad.o
         0          0          0          0          0          0   _printf_percent.o
         4          0          0          0          0          0   _printf_percent_end.o
         6          0          0          0          0          0   _printf_s.o
        82          0          0          0          0         80   _printf_str.o
        36          0          0          0          0         84   _printf_truncate.o
         6          0          0          0          0          0   _printf_u.o
        44          0          0          0          0        108   _printf_wchar.o
       188          6          8          0          0         92   _printf_wctomb.o
         6          0          0          0          0          0   _printf_x.o
        10          0          0          0          0         68   _sputc.o
       228          4        148          0          0         96   bigflt0.o
      1936        128          0          0          0        668   btod.o
        40          0          0          0          0         80   calloc.o
        10          0          0          0          0         68   defsig_exit.o
        50          0          0          0          0         88   defsig_general.o
        80         58          0          0          0         76   defsig_rtmem_inner.o
        14          0          0          0          0         80   defsig_rtmem_outer.o
        18          0          0          0          0         80   exit.o
        94          0          0          0          0         80   h1_alloc.o
        52          0          0          0          0         68   h1_extend.o
        78          0          0          0          0         80   h1_free.o
        12          0          0          0          0         84   h1_init.o
         6          0          0          0          0        152   heapauxi.o
         4          0          0          0          0        136   hguard.o
         0          0          0          0          0          0   indicate_semi.o
       138          0          0          0          0        168   init_alloc.o
        44         10        272          0          0         76   lc_ctype_c.o
        44         10         28          0          0         76   lc_numeric_c.o
         2          0          0          0          0          0   libinit.o
        42          0          0          0          0          0   libinit2.o
         2          0          0          0          0          0   libshutdown.o
         2          0          0          0          0          0   libshutdown2.o
         8          4          0          0         96         68   libspace.o
       138          0          0          0          0         80   lludiv10.o
       240          0          0          0          0        100   lludivv7m.o
         0          0          0          0          0          0   maybetermalloc1.o
        16          4          0          0          0         76   rt_ctype_table.o
         8          4          0          0          0         68   rt_heap_descriptor_intlibspace.o
         8          4          0          0          0         68   rt_locale_intlibspace.o
        68          0          0          0          0         68   rt_memclr.o
        78          0          0          0          0         80   rt_memclr_w.o
         2          0          0          0          0          0   rtexit.o
        10          0          0          0          0          0   rtexit2.o
       124          0          0          0          0         88   strcmpv7em.o
        12          4          0          0          0         68   sys_exit.o
        74          0          0          0          0         80   sys_stackheap_outer.o
        14          0          0          0          0         76   sys_wrch.o
         2          0          0          0          0         68   use_no_semi.o
        36          4          0          0          0         76   vsprintf.o
        26          0          0          0          0        116   fpinit.o
         4          0          0          0          0        116   printf1.o
         4          0          0          0          0        116   printf2.o
         0          0          0          0          0          0   usenofp.o
        48          0          0          0          0        124   fpclassify.o

    ----------------------------------------------------------------------
      7826        326        552          0         96       5716   Library Totals
        18          0          1          0          0          0   (incl. Padding)

    ----------------------------------------------------------------------

      Code (inc. data)   RO Data    RW Data    ZI Data      Debug   Library Name

      7726        326        551          0         96       5244   c_w.l
        34          0          0          0          0        348   fz_wm.l
        48          0          0          0          0        124   m_wm.l

    ----------------------------------------------------------------------
      7826        326        552          0         96       5716   Library Totals

    ----------------------------------------------------------------------

==============================================================================


      Code (inc. data)   RO Data    RW Data    ZI Data      Debug   

     18508        362       1184         12       1892      86151   Grand Totals
     18508        362       1184         12       1892      86151   ELF Image Totals
     18508        362       1184         12          0          0   ROM Totals

==============================================================================

    Total RO  Size (Code + RO Data)                19692 (  19.23kB)
    Total RW  Size (RW Data + ZI Data)              1904 (   1.86kB)
    Total ROM Size (Code + RO Data + RW Data)      19704 (  19.24kB)

==============================================================================

